Archive member included to satisfy reference by file (symbol)

c:/users/pc/desktop/arch/tool/mounriver_studio_setup_v180/mounriver/mounriver_studio/toolchain/risc-v embedded gcc/bin/../lib/gcc/riscv-none-embed/8.2.0/rv32imafc/ilp32f\libgcc.a(_divdi3.o)
                              ./platform/hal/wch/ch32v30xx/tos_hal_sd.o (__divdi3)
c:/users/pc/desktop/arch/tool/mounriver_studio_setup_v180/mounriver/mounriver_studio/toolchain/risc-v embedded gcc/bin/../lib/gcc/riscv-none-embed/8.2.0/rv32imafc/ilp32f\libgcc.a(_udivdi3.o)
                              ./kernel/core/tos_stopwatch.o (__udivdi3)
c:/users/pc/desktop/arch/tool/mounriver_studio_setup_v180/mounriver/mounriver_studio/toolchain/risc-v embedded gcc/bin/../lib/gcc/riscv-none-embed/8.2.0/rv32imafc/ilp32f\libgcc.a(_clz.o)
                              c:/users/pc/desktop/arch/tool/mounriver_studio_setup_v180/mounriver/mounriver_studio/toolchain/risc-v embedded gcc/bin/../lib/gcc/riscv-none-embed/8.2.0/rv32imafc/ilp32f\libgcc.a(_divdi3.o) (__clz_tab)
c:/users/pc/desktop/arch/tool/mounriver_studio_setup_v180/mounriver/mounriver_studio/toolchain/risc-v embedded gcc/bin/../lib/gcc/riscv-none-embed/8.2.0/../../../../riscv-none-embed/lib/rv32imafc/ilp32f\libg_nano.a(lib_a-atoi.o)
                              ./c-sdk/services/common/http_client/src/http_client.o (atoi)
c:/users/pc/desktop/arch/tool/mounriver_studio_setup_v180/mounriver/mounriver_studio/toolchain/risc-v embedded gcc/bin/../lib/gcc/riscv-none-embed/8.2.0/../../../../riscv-none-embed/lib/rv32imafc/ilp32f\libg_nano.a(lib_a-fflush.o)
                              ./c-sdk/platform/os/TencentOS-Tiny/HAL_OS_tos.o (fflush)
c:/users/pc/desktop/arch/tool/mounriver_studio_setup_v180/mounriver/mounriver_studio/toolchain/risc-v embedded gcc/bin/../lib/gcc/riscv-none-embed/8.2.0/../../../../riscv-none-embed/lib/rv32imafc/ilp32f\libg_nano.a(lib_a-findfp.o)
                              c:/users/pc/desktop/arch/tool/mounriver_studio_setup_v180/mounriver/mounriver_studio/toolchain/risc-v embedded gcc/bin/../lib/gcc/riscv-none-embed/8.2.0/../../../../riscv-none-embed/lib/rv32imafc/ilp32f\libg_nano.a(lib_a-fflush.o) (__sinit)
c:/users/pc/desktop/arch/tool/mounriver_studio_setup_v180/mounriver/mounriver_studio/toolchain/risc-v embedded gcc/bin/../lib/gcc/riscv-none-embed/8.2.0/../../../../riscv-none-embed/lib/rv32imafc/ilp32f\libg_nano.a(lib_a-fwalk.o)
                              c:/users/pc/desktop/arch/tool/mounriver_studio_setup_v180/mounriver/mounriver_studio/toolchain/risc-v embedded gcc/bin/../lib/gcc/riscv-none-embed/8.2.0/../../../../riscv-none-embed/lib/rv32imafc/ilp32f\libg_nano.a(lib_a-findfp.o) (_fwalk)
c:/users/pc/desktop/arch/tool/mounriver_studio_setup_v180/mounriver/mounriver_studio/toolchain/risc-v embedded gcc/bin/../lib/gcc/riscv-none-embed/8.2.0/../../../../riscv-none-embed/lib/rv32imafc/ilp32f\libg_nano.a(lib_a-impure.o)
                              c:/users/pc/desktop/arch/tool/mounriver_studio_setup_v180/mounriver/mounriver_studio/toolchain/risc-v embedded gcc/bin/../lib/gcc/riscv-none-embed/8.2.0/../../../../riscv-none-embed/lib/rv32imafc/ilp32f\libg_nano.a(lib_a-fflush.o) (_global_impure_ptr)
c:/users/pc/desktop/arch/tool/mounriver_studio_setup_v180/mounriver/mounriver_studio/toolchain/risc-v embedded gcc/bin/../lib/gcc/riscv-none-embed/8.2.0/../../../../riscv-none-embed/lib/rv32imafc/ilp32f\libg_nano.a(lib_a-memcmp.o)
                              ./fs/kv/tos_kv.o (memcmp)
c:/users/pc/desktop/arch/tool/mounriver_studio_setup_v180/mounriver/mounriver_studio/toolchain/risc-v embedded gcc/bin/../lib/gcc/riscv-none-embed/8.2.0/../../../../riscv-none-embed/lib/rv32imafc/ilp32f\libg_nano.a(lib_a-memcpy.o)
                              ./net/tencent_firmware_module_wrapper/tencent_firmware_module_wrapper.o (memcpy)
c:/users/pc/desktop/arch/tool/mounriver_studio_setup_v180/mounriver/mounriver_studio/toolchain/risc-v embedded gcc/bin/../lib/gcc/riscv-none-embed/8.2.0/../../../../riscv-none-embed/lib/rv32imafc/ilp32f\libg_nano.a(lib_a-memmove.o)
                              ./c-sdk/services/common/log_upload/src/log_buffer.o (memmove)
c:/users/pc/desktop/arch/tool/mounriver_studio_setup_v180/mounriver/mounriver_studio/toolchain/risc-v embedded gcc/bin/../lib/gcc/riscv-none-embed/8.2.0/../../../../riscv-none-embed/lib/rv32imafc/ilp32f\libg_nano.a(lib_a-memset.o)
                              ./net/at/src/tos_at.o (memset)
c:/users/pc/desktop/arch/tool/mounriver_studio_setup_v180/mounriver/mounriver_studio/toolchain/risc-v embedded gcc/bin/../lib/gcc/riscv-none-embed/8.2.0/../../../../riscv-none-embed/lib/rv32imafc/ilp32f\libg_nano.a(lib_a-nano-freer.o)
                              c:/users/pc/desktop/arch/tool/mounriver_studio_setup_v180/mounriver/mounriver_studio/toolchain/risc-v embedded gcc/bin/../lib/gcc/riscv-none-embed/8.2.0/../../../../riscv-none-embed/lib/rv32imafc/ilp32f\libg_nano.a(lib_a-fflush.o) (_free_r)
[...]
Memory Configuration

Name             Origin             Length             Attributes
FLASH            0x0000000000000000 0x0000000000040000 xr
RAM              0x0000000020000000 0x0000000000010000 xrw
*default*        0x0000000000000000 0xffffffffffffffff

Linker script and memory map

LOAD ./platform/hal/wch/ch32v30xx/tos_hal_sd.o
LOAD ./platform/hal/wch/ch32v30xx/tos_hal_uart.o
LOAD ./net/tencent_firmware_module_wrapper/tencent_firmware_module_wrapper.o
LOAD ./net/sal_module_wrapper/sal_module_wrapper.o
LOAD ./net/at/src/tos_at.o
LOAD ./kernel/core/tos_barrier.o
LOAD ./kernel/core/tos_binary_heap.o
LOAD ./kernel/core/tos_bitmap.o
LOAD ./kernel/core/tos_char_fifo.o
LOAD ./kernel/core/tos_completion.o
LOAD ./kernel/core/tos_countdownlatch.o
LOAD ./kernel/core/tos_event.o
LOAD ./kernel/core/tos_global.o
LOAD ./kernel/core/tos_mail_queue.o
LOAD ./kernel/core/tos_message_queue.o
LOAD ./kernel/core/tos_mmblk.o
LOAD ./kernel/core/tos_mmheap.o
LOAD ./kernel/core/tos_mutex.o
LOAD ./kernel/core/tos_pend.o
LOAD ./kernel/core/tos_priority_mail_queue.o
LOAD ./kernel/core/tos_priority_message_queue.o
LOAD ./kernel/core/tos_priority_queue.o
LOAD ./kernel/core/tos_ring_queue.o
LOAD ./kernel/core/tos_robin.o
LOAD ./kernel/core/tos_rwlock.o
LOAD ./kernel/core/tos_sched.o
LOAD ./kernel/core/tos_sem.o
LOAD ./kernel/core/tos_stopwatch.o
LOAD ./kernel/core/tos_sys.o
LOAD ./kernel/core/tos_task.o
LOAD ./kernel/core/tos_tick.o
LOAD ./kernel/core/tos_time.o
LOAD ./kernel/core/tos_timer.o
LOAD ./fs/vfs/tos_vfs.o
LOAD ./fs/vfs/tos_vfs_device.o
LOAD ./fs/vfs/tos_vfs_file.o
LOAD ./fs/vfs/tos_vfs_fs.o
LOAD ./fs/vfs/tos_vfs_inode.o
LOAD ./fs/kv/tos_kv.o
LOAD ./fs/fatfs/tos_diskio.o
LOAD ./fs/fatfs/tos_fatfs_drv.o
LOAD ./fs/fatfs/tos_fatfs_vfs.o
LOAD ./fs/fatfs/tos_ff.o
LOAD ./fs/fatfs/tos_ffsystem.o
LOAD ./fs/fatfs/tos_ffunicode.o
LOAD ./examples/fatfs_through_vfs_sample.o
LOAD ./devices/esp8266_tencent_firmware/esp8266_tencent_firmware.o
LOAD ./devices/esp8266/esp8266.o
LOAD ./c-sdk/services/explorer/service_mqtt/src/file_manage/file_manage.o
LOAD ./c-sdk/services/explorer/service_mqtt/src/sevice_mqtt.o
LOAD ./c-sdk/services/explorer/data_template/src/data_template_action.o
LOAD ./c-sdk/services/explorer/data_template/src/data_template_client.o
LOAD ./c-sdk/services/explorer/data_template/src/data_template_event.o
LOAD ./c-sdk/services/explorer/data_template/src/data_template_mqtt.o
LOAD ./c-sdk/services/explorer/data_template/src/data_template_property.o
LOAD ./c-sdk/services/common/system/src/system_mqtt.o
LOAD ./c-sdk/services/common/ota/src/ota_mqtt.o
LOAD ./c-sdk/services/common/mqtt_client/src/mqtt_client.o
LOAD ./c-sdk/services/common/mqtt_client/src/mqtt_client_common.o
LOAD ./c-sdk/services/common/mqtt_client/src/mqtt_client_connect.o
LOAD ./c-sdk/services/common/mqtt_client/src/mqtt_client_publish.o
LOAD ./c-sdk/services/common/mqtt_client/src/mqtt_client_subscribe.o
LOAD ./c-sdk/services/common/mqtt_client/src/mqtt_client_yield.o
LOAD ./c-sdk/services/common/log_upload/src/log_buffer.o
LOAD ./c-sdk/services/common/log_upload/src/log_mqtt.o
LOAD ./c-sdk/services/common/log_upload/src/log_upload.o
LOAD ./c-sdk/services/common/http_signed/src/http_signed.o
LOAD ./c-sdk/services/common/http_client/src/http_client.o
LOAD ./c-sdk/services/common/cos/src/cos_download.o
LOAD ./c-sdk/platform/os/TencentOS-Tiny/HAL_Device_tos.o
LOAD ./c-sdk/platform/os/TencentOS-Tiny/HAL_File_tos.o
LOAD ./c-sdk/platform/os/TencentOS-Tiny/HAL_OS_tos.o
LOAD ./c-sdk/platform/os/TencentOS-Tiny/HAL_TCP_tos.o
LOAD ./c-sdk/platform/os/TencentOS-Tiny/HAL_Timer_tos.o
LOAD ./c-sdk/platform/network/src/network_interface.o
LOAD ./c-sdk/common/utils/src/utils_downloader.o
LOAD ./c-sdk/common/utils/src/utils_json.o
LOAD ./c-sdk/common/utils/src/utils_list.o
LOAD ./c-sdk/common/utils/src/utils_log.o
LOAD ./c-sdk/common/mqtt_packet/src/mqtt_packet_deserialize.o
LOAD ./c-sdk/common/mqtt_packet/src/mqtt_packet_serialize.o
LOAD ./c-sdk/common/cryptology/src/utils_base64.o
LOAD ./c-sdk/common/cryptology/src/utils_hmac.o
LOAD ./c-sdk/common/cryptology/src/utils_md5.o
LOAD ./c-sdk/common/cryptology/src/utils_sha1.o
LOAD ./arch/rv32i/gcc/port_c.o
LOAD ./arch/rv32i/gcc/port_s.o
LOAD ./arch/common/tos_cpu.o
LOAD ./User/ch32v30x_it.o
LOAD ./User/lcd.o
LOAD ./User/lcd_init.o
LOAD ./User/main.o
LOAD ./User/sdio.o
LOAD ./User/spi_flash.o
LOAD ./User/spi_flash_kv.o
LOAD ./User/system_ch32v30x.o
LOAD ./User/usart.o
LOAD ./Startup/startup_ch32v30x.o
LOAD ./Peripheral/src/ch32v30x_adc.o
LOAD ./Peripheral/src/ch32v30x_bkp.o
LOAD ./Peripheral/src/ch32v30x_can.o
LOAD ./Peripheral/src/ch32v30x_crc.o
LOAD ./Peripheral/src/ch32v30x_dac.o
LOAD ./Peripheral/src/ch32v30x_dbgmcu.o
LOAD ./Peripheral/src/ch32v30x_dma.o
LOAD ./Peripheral/src/ch32v30x_dvp.o
LOAD ./Peripheral/src/ch32v30x_eth.o
LOAD ./Peripheral/src/ch32v30x_exti.o
LOAD ./Peripheral/src/ch32v30x_flash.o
LOAD ./Peripheral/src/ch32v30x_fsmc.o
LOAD ./Peripheral/src/ch32v30x_gpio.o
LOAD ./Peripheral/src/ch32v30x_i2c.o
LOAD ./Peripheral/src/ch32v30x_iwdg.o
LOAD ./Peripheral/src/ch32v30x_misc.o
LOAD ./Peripheral/src/ch32v30x_opa.o
LOAD ./Peripheral/src/ch32v30x_pwr.o
LOAD ./Peripheral/src/ch32v30x_rcc.o
LOAD ./Peripheral/src/ch32v30x_rng.o
LOAD ./Peripheral/src/ch32v30x_rtc.o
LOAD ./Peripheral/src/ch32v30x_sdio.o
LOAD ./Peripheral/src/ch32v30x_spi.o
LOAD ./Peripheral/src/ch32v30x_tim.o
LOAD ./Peripheral/src/ch32v30x_usart.o
LOAD ./Peripheral/src/ch32v30x_wwdg.o
LOAD ./Debug/debug.o
LOAD ./Core/core_riscv.o
LOAD c:/users/pc/desktop/arch/tool/mounriver_studio_setup_v180/mounriver/mounriver_studio/toolchain/risc-v embedded gcc/bin/../lib/gcc/riscv-none-embed/8.2.0/rv32imafc/ilp32f\libgcc.a
LOAD c:/users/pc/desktop/arch/tool/mounriver_studio_setup_v180/mounriver/mounriver_studio/toolchain/risc-v embedded gcc/bin/../lib/gcc/riscv-none-embed/8.2.0/../../../../riscv-none-embed/lib/rv32imafc/ilp32f\libg_nano.a
LOAD c:/users/pc/desktop/arch/tool/mounriver_studio_setup_v180/mounriver/mounriver_studio/toolchain/risc-v embedded gcc/bin/../lib/gcc/riscv-none-embed/8.2.0/../../../../riscv-none-embed/lib/rv32imafc/ilp32f\libc_nano.a
LOAD c:/users/pc/desktop/arch/tool/mounriver_studio_setup_v180/mounriver/mounriver_studio/toolchain/risc-v embedded gcc/bin/../lib/gcc/riscv-none-embed/8.2.0/rv32imafc/ilp32f\libgcc.a
START GROUP
LOAD c:/users/pc/desktop/arch/tool/mounriver_studio_setup_v180/mounriver/mounriver_studio/toolchain/risc-v embedded gcc/bin/../lib/gcc/riscv-none-embed/8.2.0/rv32imafc/ilp32f\libgcc.a
LOAD c:/users/pc/desktop/arch/tool/mounriver_studio_setup_v180/mounriver/mounriver_studio/toolchain/risc-v embedded gcc/bin/../lib/gcc/riscv-none-embed/8.2.0/../../../../riscv-none-embed/lib/rv32imafc/ilp32f\libc_nano.a
LOAD c:/users/pc/desktop/arch/tool/mounriver_studio_setup_v180/mounriver/mounriver_studio/toolchain/risc-v embedded gcc/bin/../lib/gcc/riscv-none-embed/8.2.0/../../../../riscv-none-embed/lib/rv32imafc/ilp32f\libnosys.a
END GROUP
START GROUP
LOAD c:/users/pc/desktop/arch/tool/mounriver_studio_setup_v180/mounriver/mounriver_studio/toolchain/risc-v embedded gcc/bin/../lib/gcc/riscv-none-embed/8.2.0/rv32imafc/ilp32f\libgcc.a
LOAD c:/users/pc/desktop/arch/tool/mounriver_studio_setup_v180/mounriver/mounriver_studio/toolchain/risc-v embedded gcc/bin/../lib/gcc/riscv-none-embed/8.2.0/../../../../riscv-none-embed/lib/rv32imafc/ilp32f\libc_nano.a
LOAD c:/users/pc/desktop/arch/tool/mounriver_studio_setup_v180/mounriver/mounriver_studio/toolchain/risc-v embedded gcc/bin/../lib/gcc/riscv-none-embed/8.2.0/../../../../riscv-none-embed/lib/rv32imafc/ilp32f\libnosys.a
END GROUP
                0x0000000000000800                __stack_size = 0x800
                [!provide]                        PROVIDE (_stack_size = __stack_size)

.init           0x0000000000000000       0x38
                0x0000000000000000                _sinit = .
                0x0000000000000000                . = ALIGN (0x4)
 *(SORT_NONE(.init))
 .init          0x0000000000000000       0x38 ./Startup/startup_ch32v30x.o
                0x0000000000000000                _start
                0x0000000000000038                . = ALIGN (0x4)
                0x0000000000000038                _einit = .

.vector         0x0000000000000038      0x1c8
 *(.vector)
 .vector        0x0000000000000038      0x1a0 ./Startup/startup_ch32v30x.o
                0x0000000000000200                . = ALIGN (0x40)
 *fill*         0x00000000000001d8       0x28 

.text           0x0000000000000200    0x3a988
                0x0000000000000200                . = ALIGN (0x4)
 *(.text)
 .text          0x0000000000000200      0x140 ./arch/rv32i/gcc/port_s.o
                0x0000000000000200                port_int_disable
                0x0000000000000206                port_int_enable
                0x000000000000020c                port_cpsr_save
                0x0000000000000212                port_cpsr_restore
                0x0000000000000218                port_sched_start
                0x0000000000000274                SW_handler
 .text          0x0000000000000340       0xa8 c:/users/pc/desktop/arch/tool/mounriver_studio_setup_v180/mounriver/mounriver_studio/toolchain/risc-v embedded gcc/bin/../lib/gcc/riscv-none-embed/8.2.0/../../../../riscv-none-embed/lib/rv32imafc/ilp32f\libg_nano.a(lib_a-memset.o)
                0x0000000000000340                memset
 *(.text.*)
 .text.tos_hal_sd_init
                0x00000000000003e8       0x16 ./platform/hal/wch/ch32v30xx/tos_hal_sd.o
                0x00000000000003e8                tos_hal_sd_init
 .text.tos_hal_sd_read
                0x00000000000003fe       0x26 ./platform/hal/wch/ch32v30xx/tos_hal_sd.o
                0x00000000000003fe                tos_hal_sd_read
 .text.tos_hal_sd_write
                0x0000000000000424       0x26 ./platform/hal/wch/ch32v30xx/tos_hal_sd.o
                0x0000000000000424                tos_hal_sd_write
 .text.tos_hal_sd_info_get
                0x000000000000044a       0x42 ./platform/hal/wch/ch32v30xx/tos_hal_sd.o
                0x000000000000044a                tos_hal_sd_info_get
 .text.tos_hal_sd_state_get
                0x000000000000048c       0x5a ./platform/hal/wch/ch32v30xx/tos_hal_sd.o
                0x000000000000048c                tos_hal_sd_state_get
 .text.tos_hal_sd_deinit
                0x00000000000004e6        0x4 ./platform/hal/wch/ch32v30xx/tos_hal_sd.o
                0x00000000000004e6                tos_hal_sd_deinit
 .text.tos_at_uart_input_byte
                0x00000000000004ea       0x26 ./net/at/src/tos_at.o
                0x00000000000004ea                tos_at_uart_input_byte
 .text.tos_chr_fifo_push
                0x0000000000000510       0x20 ./kernel/core/tos_char_fifo.o
                0x0000000000000510                tos_chr_fifo_push
 .text.blk_next
                0x0000000000000530        0xa ./kernel/core/tos_mmheap.o
 .text.blk_link_next
                0x000000000000053a       0x14 ./kernel/core/tos_mmheap.o
 .text.mmheap_ctl_init
                0x000000000000054e       0x58 ./kernel/core/tos_mmheap.o
 .text.generic_fls.part.0
                0x00000000000005a6       0x3c ./kernel/core/tos_mmheap.o
 .text.remove_free_block
                0x00000000000005e2       0x5e ./kernel/core/tos_mmheap.o
 .text.adjust_request_size
                0x0000000000000640       0x28 ./kernel/core/tos_mmheap.o
 .text.mapping_insert
                0x0000000000000668       0x3c ./kernel/core/tos_mmheap.o
 .text.blk_remove
                0x00000000000006a4       0x22 ./kernel/core/tos_mmheap.o
 .text.blk_merge_next
                0x00000000000006c6       0x32 ./kernel/core/tos_mmheap.o
 .text.blk_insert
                0x00000000000006f8       0x62 ./kernel/core/tos_mmheap.o
 .text.blk_locate_free
                0x000000000000075a       0xb8 ./kernel/core/tos_mmheap.o
 .text.blk_split
                0x0000000000000812       0x42 ./kernel/core/tos_mmheap.o
 .text.blk_prepare_used
                0x0000000000000854       0x4e ./kernel/core/tos_mmheap.o
 .text.tos_mmheap_alloc
                0x00000000000008a2       0x2a ./kernel/core/tos_mmheap.o
                0x00000000000008a2                tos_mmheap_alloc
 .text.tos_mmheap_calloc
                0x00000000000008cc       0x24 ./kernel/core/tos_mmheap.o
                0x00000000000008cc                tos_mmheap_calloc
 .text.tos_mmheap_free
                0x00000000000008f0       0x52 ./kernel/core/tos_mmheap.o
                0x00000000000008f0                tos_mmheap_free
 .text.tos_mmheap_pool_add
                0x0000000000000942       0x9c ./kernel/core/tos_mmheap.o
                0x0000000000000942                tos_mmheap_pool_add
 .text.mmheap_init_with_pool
                0x00000000000009de       0x14 ./kernel/core/tos_mmheap.o
                0x00000000000009de                mmheap_init_with_pool
 .text.mutex_old_owner_release
                0x00000000000009f2       0x5c ./kernel/core/tos_mutex.o
 .text.mutex_release
                0x0000000000000a4e       0x18 ./kernel/core/tos_mutex.o
                0x0000000000000a4e                mutex_release
 .text.pend_list_add
                0x0000000000000a66       0x40 ./kernel/core/tos_pend.o
 .text.pend_highest_pending_prio_get
                0x0000000000000aa6       0x18 ./kernel/core/tos_pend.o
                0x0000000000000aa6                pend_highest_pending_prio_get
 .text.pend_list_remove
                0x0000000000000abe       0x18 ./kernel/core/tos_pend.o
                0x0000000000000abe                pend_list_remove
 .text.pend_is_nopending
                0x0000000000000ad6        0xc ./kernel/core/tos_pend.o
                0x0000000000000ad6                pend_is_nopending
 .text.pend_list_adjust
                0x0000000000000ae2        0xc ./kernel/core/tos_pend.o
                0x0000000000000ae2                pend_list_adjust
 .text.pend_task_wakeup
                0x0000000000000aee       0x3c ./kernel/core/tos_pend.o
                0x0000000000000aee                pend_task_wakeup
 .text.pend_wakeup_one
                0x0000000000000b2a        0x8 ./kernel/core/tos_pend.o
                0x0000000000000b2a                pend_wakeup_one
 .text.pend_wakeup_all
                0x0000000000000b32       0x3c ./kernel/core/tos_pend.o
                0x0000000000000b32                pend_wakeup_all
 .text.pend_wakeup
                0x0000000000000b6e        0x6 ./kernel/core/tos_pend.o
                0x0000000000000b6e                pend_wakeup
 .text.tos_ring_q_is_full
                0x0000000000000b74       0x2c ./kernel/core/tos_ring_queue.o
                0x0000000000000b74                tos_ring_q_is_full
 .text.tos_ring_q_enqueue
                0x0000000000000ba0       0x78 ./kernel/core/tos_ring_queue.o
                0x0000000000000ba0                tos_ring_q_enqueue
 .text.readyqueue_prio_mark
                0x0000000000000c18       0x30 ./kernel/core/tos_sched.o
 .text.readyqueue_highest_ready_task_get
                0x0000000000000c48       0x18 ./kernel/core/tos_sched.o
                0x0000000000000c48                readyqueue_highest_ready_task_get
 .text.readyqueue_init
                0x0000000000000c60       0x26 ./kernel/core/tos_sched.o
                0x0000000000000c60                readyqueue_init
 .text.readyqueue_add_head
                0x0000000000000c86       0x50 ./kernel/core/tos_sched.o
                0x0000000000000c86                readyqueue_add_head
 .text.readyqueue_add_tail
                0x0000000000000cd6       0x50 ./kernel/core/tos_sched.o
                0x0000000000000cd6                readyqueue_add_tail
 .text.readyqueue_add
                0x0000000000000d26       0x14 ./kernel/core/tos_sched.o
                0x0000000000000d26                readyqueue_add
 .text.readyqueue_remove
                0x0000000000000d3a       0x86 ./kernel/core/tos_sched.o
                0x0000000000000d3a                readyqueue_remove
 .text.sem_do_post
                0x0000000000000dc0       0x70 ./kernel/core/tos_sem.o
 .text.tos_sem_post
                0x0000000000000e30        0x4 ./kernel/core/tos_sem.o
                0x0000000000000e30                tos_sem_post
 .text.knl_idle_entry
                0x0000000000000e34        0x2 ./kernel/core/tos_sys.o
 .text.tos_knl_irq_enter
                0x0000000000000e36       0x1e ./kernel/core/tos_sys.o
                0x0000000000000e36                tos_knl_irq_enter
 .text.tos_knl_irq_leave
                0x0000000000000e54       0x52 ./kernel/core/tos_sys.o
                0x0000000000000e54                tos_knl_irq_leave
 .text.tos_knl_sched_lock
                0x0000000000000ea6       0x4c ./kernel/core/tos_sys.o
                0x0000000000000ea6                tos_knl_sched_lock
 .text.tos_knl_start
                0x0000000000000ef2       0x34 ./kernel/core/tos_sys.o
                0x0000000000000ef2                tos_knl_start
 .text.tos_knl_is_running
                0x0000000000000f26        0xc ./kernel/core/tos_sys.o
                0x0000000000000f26                tos_knl_is_running
 .text.knl_sched
                0x0000000000000f32       0x44 ./kernel/core/tos_sys.o
                0x0000000000000f32                knl_sched
 .text.tos_knl_sched_unlock
                0x0000000000000f76       0x48 ./kernel/core/tos_sys.o
                0x0000000000000f76                tos_knl_sched_unlock
 .text.knl_is_sched_locked
                0x0000000000000fbe        0xa ./kernel/core/tos_sys.o
                0x0000000000000fbe                knl_is_sched_locked
 .text.knl_is_inirq
                0x0000000000000fc8        0xa ./kernel/core/tos_sys.o
                0x0000000000000fc8                knl_is_inirq
 .text.knl_is_idle
                0x0000000000000fd2       0x10 ./kernel/core/tos_sys.o
                0x0000000000000fd2                knl_is_idle
 .text.knl_is_self
                0x0000000000000fe2        0xe ./kernel/core/tos_sys.o
                0x0000000000000fe2                knl_is_self
 .text.knl_idle_init
                0x0000000000000ff0       0x28 ./kernel/core/tos_sys.o
                0x0000000000000ff0                knl_idle_init
 .text.tos_knl_init
                0x0000000000001018       0x2a ./kernel/core/tos_sys.o
                0x0000000000001018                tos_knl_init
 .text.task_do_destroy.part.13
                0x0000000000001042       0xcc ./kernel/core/tos_task.o
 .text.tos_task_create
                0x000000000000110e      0x11c ./kernel/core/tos_task.o
                0x000000000000110e                tos_task_create
 .text.tos_task_destroy
                0x000000000000122a       0x50 ./kernel/core/tos_task.o
                0x000000000000122a                tos_task_destroy
 .text.task_exit
                0x000000000000127a        0x4 ./kernel/core/tos_task.o
 .text.tos_task_prio_change
                0x000000000000127e       0xd8 ./kernel/core/tos_task.o
                0x000000000000127e                tos_task_prio_change
 .text.tick_list_remove
                0x0000000000001356       0x8c ./kernel/core/tos_tick.o
                0x0000000000001356                tick_list_remove
 .text.tick_update
                0x00000000000013e2       0xae ./kernel/core/tos_tick.o
                0x00000000000013e2                tick_update
 .text.tos_tick_handler
                0x0000000000001490       0x1c ./kernel/core/tos_tick.o
                0x0000000000001490                tos_tick_handler
 .text.timer_takeoff
                0x00000000000014ac       0x58 ./kernel/core/tos_timer.o
 .text.timer_place
                0x0000000000001504       0x90 ./kernel/core/tos_timer.o
 .text.soft_timer_update
                0x0000000000001594       0xc6 ./kernel/core/tos_timer.o
                0x0000000000001594                soft_timer_update
 .text.soft_timer_init
                0x000000000000165a        0x4 ./kernel/core/tos_timer.o
                0x000000000000165a                soft_timer_init
 .text.tos_vfs_open
                0x000000000000165e       0xae ./fs/vfs/tos_vfs.o
                0x000000000000165e                tos_vfs_open
 .text.tos_vfs_close
                0x000000000000170c       0x4a ./fs/vfs/tos_vfs.o
                0x000000000000170c                tos_vfs_close
 .text.tos_vfs_read
                0x0000000000001756       0x46 ./fs/vfs/tos_vfs.o
                0x0000000000001756                tos_vfs_read
 .text.tos_vfs_write
                0x000000000000179c       0x46 ./fs/vfs/tos_vfs.o
                0x000000000000179c                tos_vfs_write
 .text.tos_vfs_lseek
                0x00000000000017e2       0x40 ./fs/vfs/tos_vfs.o
                0x00000000000017e2                tos_vfs_lseek
 .text.tos_vfs_block_device_register
                0x0000000000001822       0x5a ./fs/vfs/tos_vfs_device.o
                0x0000000000001822                tos_vfs_block_device_register
 .text.vfs_fd2file
                0x000000000000187c       0x16 ./fs/vfs/tos_vfs_file.o
                0x000000000000187c                vfs_fd2file
 .text.vfs_file2fd
                0x0000000000001892       0x1c ./fs/vfs/tos_vfs_file.o
                0x0000000000001892                vfs_file2fd
 .text.vfs_file_alloc
                0x00000000000018ae       0x22 ./fs/vfs/tos_vfs_file.o
                0x00000000000018ae                vfs_file_alloc
 .text.vfs_file_free
                0x00000000000018d0       0x1e ./fs/vfs/tos_vfs_file.o
                0x00000000000018d0                vfs_file_free
 .text.vfs_fsmap_get
                0x00000000000018ee       0x5a ./fs/vfs/tos_vfs_fs.o
 .text.tos_vfs_fs_register
                0x0000000000001948       0x4c ./fs/vfs/tos_vfs_fs.o
                0x0000000000001948                tos_vfs_fs_register
 .text.tos_vfs_fs_mount
                0x0000000000001994       0x80 ./fs/vfs/tos_vfs_fs.o
                0x0000000000001994                tos_vfs_fs_mount
 .text.tos_vfs_fs_mkfs
                0x0000000000001a14       0xb2 ./fs/vfs/tos_vfs_fs.o
                0x0000000000001a14                tos_vfs_fs_mkfs
 .text.vfs_inode_free
                0x0000000000001ac6        0xc ./fs/vfs/tos_vfs_inode.o
                0x0000000000001ac6                vfs_inode_free
 .text.vfs_inode_refinc
                0x0000000000001ad2       0x18 ./fs/vfs/tos_vfs_inode.o
                0x0000000000001ad2                vfs_inode_refinc
 .text.vfs_inode_find
                0x0000000000001aea       0xce ./fs/vfs/tos_vfs_inode.o
                0x0000000000001aea                vfs_inode_find
 .text.vfs_inode_alloc
                0x0000000000001bb8       0x68 ./fs/vfs/tos_vfs_inode.o
                0x0000000000001bb8                vfs_inode_alloc
 .text.vfs_inode_release
                0x0000000000001c20       0x1a ./fs/vfs/tos_vfs_inode.o
                0x0000000000001c20                vfs_inode_release
 .text.tos_disk_status
                0x0000000000001c3a       0x2a ./fs/fatfs/tos_diskio.o
                0x0000000000001c3a                tos_disk_status
 .text.tos_disk_initialize
                0x0000000000001c64       0x22 ./fs/fatfs/tos_diskio.o
                0x0000000000001c64                tos_disk_initialize
 .text.tos_disk_read
                0x0000000000001c86       0x22 ./fs/fatfs/tos_diskio.o
                0x0000000000001c86                tos_disk_read
 .text.tos_disk_write
                0x0000000000001ca8       0x22 ./fs/fatfs/tos_diskio.o
                0x0000000000001ca8                tos_disk_write
 .text.tos_disk_ioctl
                0x0000000000001cca       0x22 ./fs/fatfs/tos_diskio.o
                0x0000000000001cca                tos_disk_ioctl
 .text.sd_ioctl
                0x0000000000001cec       0x36 ./fs/fatfs/tos_fatfs_drv.o
 .text.sd_geometry
                0x0000000000001d22       0x4a ./fs/fatfs/tos_fatfs_drv.o
 .text.sd_write
                0x0000000000001d6c       0x94 ./fs/fatfs/tos_fatfs_drv.o
 .text.sd_read  0x0000000000001e00       0x98 ./fs/fatfs/tos_fatfs_drv.o
 .text.sd_close
                0x0000000000001e98        0x8 ./fs/fatfs/tos_fatfs_drv.o
 .text.sd_open  0x0000000000001ea0       0x2c ./fs/fatfs/tos_fatfs_drv.o
 .text.tos_get_fattime
                0x0000000000001ecc        0x4 ./fs/fatfs/tos_fatfs_drv.o
                0x0000000000001ecc                tos_get_fattime
 .text.fatfs_mkfs
                0x0000000000001ed0       0x24 ./fs/fatfs/tos_fatfs_vfs.o
 .text.fatfs_stat
                0x0000000000001ef4       0x52 ./fs/fatfs/tos_fatfs_vfs.o
 .text.fatfs_rename
                0x0000000000001f46       0x18 ./fs/fatfs/tos_fatfs_vfs.o
 .text.fatfs_mkdir
                0x0000000000001f5e       0x18 ./fs/fatfs/tos_fatfs_vfs.o
 .text.fatfs_unlink
                0x0000000000001f76       0x18 ./fs/fatfs/tos_fatfs_vfs.o
 .text.fatfs_bind
                0x0000000000001f8e       0x34 ./fs/fatfs/tos_fatfs_vfs.o
 .text.fatfs_readdir
                0x0000000000001fc2       0x6a ./fs/fatfs/tos_fatfs_vfs.o
 .text.fatfs_closedir
                0x000000000000202c       0x2e ./fs/fatfs/tos_fatfs_vfs.o
 .text.fatfs_opendir
                0x000000000000205a       0x36 ./fs/fatfs/tos_fatfs_vfs.o
 .text.fatfs_truncate
                0x0000000000002090       0x18 ./fs/fatfs/tos_fatfs_vfs.o
 .text.fatfs_sync
                0x00000000000020a8       0x18 ./fs/fatfs/tos_fatfs_vfs.o
 .text.fatfs_lseek
                0x00000000000020c0       0x1c ./fs/fatfs/tos_fatfs_vfs.o
 .text.fatfs_write
                0x00000000000020dc       0x1a ./fs/fatfs/tos_fatfs_vfs.o
 .text.fatfs_read
                0x00000000000020f6       0x1a ./fs/fatfs/tos_fatfs_vfs.o
 .text.fatfs_close
                0x0000000000002110       0x2e ./fs/fatfs/tos_fatfs_vfs.o
 .text.fatfs_open
                0x000000000000213e       0x74 ./fs/fatfs/tos_fatfs_vfs.o
 .text.ld_dword
                0x00000000000021b2       0x1e ./fs/fatfs/tos_ff.o
 .text.st_dword
                0x00000000000021d0       0x1c ./fs/fatfs/tos_ff.o
 .text.mem_set  0x00000000000021ec        0xe ./fs/fatfs/tos_ff.o
 .text.mem_cmp  0x00000000000021fa       0x1a ./fs/fatfs/tos_ff.o
 .text.clst2sect
                0x0000000000002214       0x1c ./fs/fatfs/tos_ff.o
 .text.clmt_clust
                0x0000000000002230       0x24 ./fs/fatfs/tos_ff.o
 .text.sum_sfn  0x0000000000002254       0x22 ./fs/fatfs/tos_ff.o
 .text.validate
                0x0000000000002276       0x48 ./fs/fatfs/tos_ff.o
 .text.mem_cpy.part.0
                0x00000000000022be       0x1a ./fs/fatfs/tos_ff.o
 .text.ld_clust.isra.1
                0x00000000000022d8       0x26 ./fs/fatfs/tos_ff.o
 .text.st_clust.isra.2
                0x00000000000022fe       0x28 ./fs/fatfs/tos_ff.o
 .text.sync_window.part.3
                0x0000000000002326       0x58 ./fs/fatfs/tos_ff.o
 .text.move_window
                0x000000000000237e       0x4a ./fs/fatfs/tos_ff.o
 .text.check_fs
                0x00000000000023c8       0x80 ./fs/fatfs/tos_ff.o
 .text.find_volume
                0x0000000000002448      0x2ca ./fs/fatfs/tos_ff.o
 .text.put_fat  0x0000000000002712      0x13c ./fs/fatfs/tos_ff.o
 .text.get_fat.isra.8
                0x000000000000284e       0xe2 ./fs/fatfs/tos_ff.o
 .text.dir_sdi  0x0000000000002930       0xd0 ./fs/fatfs/tos_ff.o
 .text.create_chain
                0x0000000000002a00      0x110 ./fs/fatfs/tos_ff.o
 .text.remove_chain
                0x0000000000002b10       0x98 ./fs/fatfs/tos_ff.o
 .text.get_fileinfo
                0x0000000000002ba8      0x1c4 ./fs/fatfs/tos_ff.o
 .text.sync_fs  0x0000000000002d6c       0xbc ./fs/fatfs/tos_ff.o
 .text.dir_clear
                0x0000000000002e28       0xd8 ./fs/fatfs/tos_ff.o
 .text.dir_next
                0x0000000000002f00       0xdc ./fs/fatfs/tos_ff.o
 .text.dir_remove
                0x0000000000002fdc       0x64 ./fs/fatfs/tos_ff.o
 .text.dir_find
                0x0000000000003040      0x1c6 ./fs/fatfs/tos_ff.o
 .text.dir_register
                0x0000000000003206      0x2de ./fs/fatfs/tos_ff.o
 .text.dir_read.constprop.12
                0x00000000000034e4      0x16c ./fs/fatfs/tos_ff.o
 .text.follow_path
                0x0000000000003650      0x39a ./fs/fatfs/tos_ff.o
 .text.tos_f_mount
                0x00000000000039ea       0x16 ./fs/fatfs/tos_ff.o
                0x00000000000039ea                tos_f_mount
 .text.tos_f_open
                0x0000000000003a00      0x21c ./fs/fatfs/tos_ff.o
                0x0000000000003a00                tos_f_open
 .text.tos_f_read
                0x0000000000003c1c      0x1b0 ./fs/fatfs/tos_ff.o
                0x0000000000003c1c                tos_f_read
 .text.tos_f_write
                0x0000000000003dcc      0x1ec ./fs/fatfs/tos_ff.o
                0x0000000000003dcc                tos_f_write
 .text.tos_f_sync
                0x0000000000003fb8       0xb6 ./fs/fatfs/tos_ff.o
                0x0000000000003fb8                tos_f_sync
 .text.tos_f_close
                0x000000000000406e       0x24 ./fs/fatfs/tos_ff.o
                0x000000000000406e                tos_f_close
 .text.tos_f_lseek
                0x0000000000004092      0x24c ./fs/fatfs/tos_ff.o
                0x0000000000004092                tos_f_lseek
 .text.tos_f_opendir
                0x00000000000042de       0x9c ./fs/fatfs/tos_ff.o
                0x00000000000042de                tos_f_opendir
 .text.tos_f_closedir
                0x000000000000437a       0x1c ./fs/fatfs/tos_ff.o
                0x000000000000437a                tos_f_closedir
 .text.tos_f_readdir
                0x0000000000004396       0x7a ./fs/fatfs/tos_ff.o
                0x0000000000004396                tos_f_readdir
 .text.tos_f_stat
                0x0000000000004410       0x66 ./fs/fatfs/tos_ff.o
                0x0000000000004410                tos_f_stat
 .text.tos_f_truncate
                0x0000000000004476       0xbc ./fs/fatfs/tos_ff.o
                0x0000000000004476                tos_f_truncate
 .text.tos_f_unlink
                0x0000000000004532       0xbe ./fs/fatfs/tos_ff.o
                0x0000000000004532                tos_f_unlink
 .text.tos_f_mkdir
                0x00000000000045f0      0x132 ./fs/fatfs/tos_ff.o
                0x00000000000045f0                tos_f_mkdir
 .text.tos_f_rename
                0x0000000000004722      0x134 ./fs/fatfs/tos_ff.o
                0x0000000000004722                tos_f_rename
 .text.tos_f_mkfs
                0x0000000000004856      0x5fe ./fs/fatfs/tos_ff.o
                0x0000000000004856                tos_f_mkfs
 .text.tos_ff_memalloc
                0x0000000000004e54        0x4 ./fs/fatfs/tos_ffsystem.o
                0x0000000000004e54                tos_ff_memalloc
 .text.tos_ff_memfree
                0x0000000000004e58        0x4 ./fs/fatfs/tos_ffsystem.o
                0x0000000000004e58                tos_ff_memfree
 .text.tos_ff_uni2oem
                0x0000000000004e5c       0x6e ./fs/fatfs/tos_ffunicode.o
                0x0000000000004e5c                tos_ff_uni2oem
 .text.tos_ff_oem2uni
                0x0000000000004eca       0x58 ./fs/fatfs/tos_ffunicode.o
                0x0000000000004eca                tos_ff_oem2uni
 .text.tos_ff_wtoupper
                0x0000000000004f22       0x9e ./fs/fatfs/tos_ffunicode.o
                0x0000000000004f22                tos_ff_wtoupper
 .text.application_entry
                0x0000000000004fc0      0x1da ./examples/fatfs_through_vfs_sample.o
                0x0000000000004fc0                application_entry
 .text.sw_clearpend
                0x000000000000519a        0xe ./arch/rv32i/gcc/port_c.o
                0x000000000000519a                sw_clearpend
 .text.port_context_switch
                0x00000000000051a8       0x10 ./arch/rv32i/gcc/port_c.o
                0x00000000000051a8                port_context_switch
 .text.port_irq_context_switch
                0x00000000000051b8        0x4 ./arch/rv32i/gcc/port_c.o
                0x00000000000051b8                port_irq_context_switch
 .text.port_systick_config
                0x00000000000051bc       0x24 ./arch/rv32i/gcc/port_c.o
                0x00000000000051bc                port_systick_config
 .text.port_systick_priority_set
                0x00000000000051e0        0xe ./arch/rv32i/gcc/port_c.o
                0x00000000000051e0                port_systick_priority_set
 .text.port_cpu_init
                0x00000000000051ee       0x18 ./arch/rv32i/gcc/port_c.o
                0x00000000000051ee                port_cpu_init
 .text.SysTick_Handler
                0x0000000000005206       0x7c ./arch/rv32i/gcc/port_c.o
                0x0000000000005206                SysTick_Handler
 .text.tos_cpu_cpsr_save
                0x0000000000005282        0x4 ./arch/common/tos_cpu.o
                0x0000000000005282                tos_cpu_cpsr_save
 .text.tos_cpu_cpsr_restore
                0x0000000000005286        0x4 ./arch/common/tos_cpu.o
                0x0000000000005286                tos_cpu_cpsr_restore
 .text.cpu_context_switch
                0x000000000000528a        0x4 ./arch/common/tos_cpu.o
                0x000000000000528a                cpu_context_switch
 .text.cpu_irq_context_switch
                0x000000000000528e        0x4 ./arch/common/tos_cpu.o
                0x000000000000528e                cpu_irq_context_switch
 .text.cpu_sched_start
                0x0000000000005292        0x8 ./arch/common/tos_cpu.o
                0x0000000000005292                cpu_sched_start
 .text.cpu_systick_init
                0x000000000000529a       0x1c ./arch/common/tos_cpu.o
                0x000000000000529a                cpu_systick_init
 .text.cpu_init
                0x00000000000052b6       0x36 ./arch/common/tos_cpu.o
                0x00000000000052b6                cpu_init
 .text.cpu_task_stk_init
                0x00000000000052ec       0x5a ./arch/common/tos_cpu.o
                0x00000000000052ec                cpu_task_stk_init
 .text.tos_cpu_clz
                0x0000000000005346       0x40 ./arch/common/tos_cpu.o
                0x0000000000005346                tos_cpu_clz
 .text.NMI_Handler
                0x0000000000005386        0x4 ./User/ch32v30x_it.o
                0x0000000000005386                NMI_Handler
 .text.HardFault_Handler
                0x000000000000538a       0x6e ./User/ch32v30x_it.o
                0x000000000000538a                HardFault_Handler
 .text.USART2_IRQHandler
                0x00000000000053f8       0x86 ./User/ch32v30x_it.o
                0x00000000000053f8                USART2_IRQHandler
 .text.UART6_IRQHandler
                0x000000000000547e       0x86 ./User/ch32v30x_it.o
                0x000000000000547e                UART6_IRQHandler
 .text.UART7_IRQHandler
                0x0000000000005504       0x86 ./User/ch32v30x_it.o
                0x0000000000005504                UART7_IRQHandler
 .text.LCD_Fill
                0x000000000000558a       0x5c ./User/lcd.o
                0x000000000000558a                LCD_Fill
 .text.LCD_DrawPoint
                0x00000000000055e6       0x1c ./User/lcd.o
                0x00000000000055e6                LCD_DrawPoint
 .text.LCD_ShowChinese12x12
                0x0000000000005602      0x136 ./User/lcd.o
                0x0000000000005602                LCD_ShowChinese12x12
 .text.LCD_ShowChinese16x16
                0x0000000000005738      0x13a ./User/lcd.o
                0x0000000000005738                LCD_ShowChinese16x16
 .text.LCD_ShowChinese24x24
                0x0000000000005872      0x138 ./User/lcd.o
                0x0000000000005872                LCD_ShowChinese24x24
 .text.LCD_ShowChinese32x32
                0x00000000000059aa      0x136 ./User/lcd.o
                0x00000000000059aa                LCD_ShowChinese32x32
 .text.LCD_ShowChinese
                0x0000000000005ae0       0xbe ./User/lcd.o
                0x0000000000005ae0                LCD_ShowChinese
 .text.LCD_ShowChar
                0x0000000000005b9e      0x178 ./User/lcd.o
                0x0000000000005b9e                LCD_ShowChar
 .text.LCD_ShowString
                0x0000000000005d16       0x5c ./User/lcd.o
                0x0000000000005d16                LCD_ShowString
 .text.LCD_ShowIntNum
                0x0000000000005d72       0xc2 ./User/lcd.o
                0x0000000000005d72                LCD_ShowIntNum
 .text.LCD_ShowFloatNum1
                0x0000000000005e34       0xe4 ./User/lcd.o
                0x0000000000005e34                LCD_ShowFloatNum1
 .text.LCD_ShowPicture
                0x0000000000005f18       0x72 ./User/lcd.o
                0x0000000000005f18                LCD_ShowPicture
 .text.LCD_GPIO_Init
                0x0000000000005f8a       0x7e ./User/lcd_init.o
                0x0000000000005f8a                LCD_GPIO_Init
 .text.LCD_Writ_Bus
                0x0000000000006008       0x66 ./User/lcd_init.o
                0x0000000000006008                LCD_Writ_Bus
 .text.LCD_WR_DATA8
                0x000000000000606e        0x4 ./User/lcd_init.o
                0x000000000000606e                LCD_WR_DATA8
 .text.LCD_WR_DATA
                0x0000000000006072       0x1c ./User/lcd_init.o
                0x0000000000006072                LCD_WR_DATA
 .text.LCD_WR_REG
                0x000000000000608e       0x34 ./User/lcd_init.o
                0x000000000000608e                LCD_WR_REG
 .text.LCD_Address_Set
                0x00000000000060c2       0x4a ./User/lcd_init.o
                0x00000000000060c2                LCD_Address_Set
 .text.LCD_Init
                0x000000000000610c      0x1f6 ./User/lcd_init.o
                0x000000000000610c                LCD_Init
 .text.led_key_init
                0x0000000000006302       0x88 ./User/main.o
                0x0000000000006302                led_key_init
 .text.get_key  0x000000000000638a       0x98 ./User/main.o
                0x000000000000638a                get_key
 .text.lcd_test
                0x0000000000006422      0x13a ./User/main.o
                0x0000000000006422                lcd_test
 .text.show_sdcard_info
                0x000000000000655c       0xa0 ./User/main.o
                0x000000000000655c                show_sdcard_info
 .text.spi_flash_test
                0x00000000000065fc      0x192 ./User/main.o
                0x00000000000065fc                spi_flash_test
 .text.SD_Card_test
                0x000000000000678e      0x166 ./User/main.o
                0x000000000000678e                SD_Card_test
 .text.startup.main
                0x00000000000068f4      0x11c ./User/main.o
                0x00000000000068f4                main
 .text.SDIO_Clock_Set
                0x0000000000006a10       0x10 ./User/sdio.o
                0x0000000000006a10                SDIO_Clock_Set
 .text.SD_GetCardInfo
                0x0000000000006a20      0x322 ./User/sdio.o
                0x0000000000006a20                SD_GetCardInfo
 .text.CmdError
                0x0000000000006d42       0x36 ./User/sdio.o
                0x0000000000006d42                CmdError
 .text.CmdResp7Error
                0x0000000000006d78       0x4a ./User/sdio.o
                0x0000000000006d78                CmdResp7Error
 .text.CmdResp1Error
                0x0000000000006dc2       0x5c ./User/sdio.o
                0x0000000000006dc2                CmdResp1Error
 .text.SD_SelectDeselect
                0x0000000000006e1e       0x36 ./User/sdio.o
                0x0000000000006e1e                SD_SelectDeselect
 .text.SD_ProcessIRQSrc
                0x0000000000006e54      0x13e ./User/sdio.o
                0x0000000000006e54                SD_ProcessIRQSrc
 .text.SDIO_IRQHandler
                0x0000000000006f92       0x5c ./User/sdio.o
                0x0000000000006f92                SDIO_IRQHandler
 .text.CmdResp3Error
                0x0000000000006fee       0x32 ./User/sdio.o
                0x0000000000006fee                CmdResp3Error
 .text.SD_PowerON
                0x0000000000007020      0x1ec ./User/sdio.o
                0x0000000000007020                SD_PowerON
 .text.CmdResp2Error
                0x000000000000720c       0x52 ./User/sdio.o
                0x000000000000720c                CmdResp2Error
 .text.CmdResp6Error
                0x000000000000725e       0x8c ./User/sdio.o
                0x000000000000725e                CmdResp6Error
 .text.SD_InitializeCards
                0x00000000000072ea      0x166 ./User/sdio.o
                0x00000000000072ea                SD_InitializeCards
 .text.IsCardProgramming
                0x0000000000007450       0xaa ./User/sdio.o
                0x0000000000007450                IsCardProgramming
 .text.SD_SendStatus
                0x00000000000074fa       0x56 ./User/sdio.o
                0x00000000000074fa                SD_SendStatus
 .text.SD_GetState
                0x0000000000007550       0x20 ./User/sdio.o
                0x0000000000007550                SD_GetState
 .text.FindSCR  0x0000000000007570      0x1cc ./User/sdio.o
                0x0000000000007570                FindSCR
 .text.SDEnWideBus
                0x000000000000773c       0xb4 ./User/sdio.o
                0x000000000000773c                SDEnWideBus
 .text.SD_EnableWideBusOperation
                0x00000000000077f0       0x58 ./User/sdio.o
                0x00000000000077f0                SD_EnableWideBusOperation
 .text.SD_Init  0x0000000000007848       0xd8 ./User/sdio.o
                0x0000000000007848                SD_Init
 .text.convert_from_bytes_to_power_of_two
                0x0000000000007920       0x16 ./User/sdio.o
                0x0000000000007920                convert_from_bytes_to_power_of_two
 .text.SD_DMA_Config
                0x0000000000007936       0x80 ./User/sdio.o
                0x0000000000007936                SD_DMA_Config
 .text.SD_ReadBlock
                0x00000000000079b6      0x272 ./User/sdio.o
                0x00000000000079b6                SD_ReadBlock
 .text.SD_ReadMultiBlocks
                0x0000000000007c28      0x302 ./User/sdio.o
                0x0000000000007c28                SD_ReadMultiBlocks
 .text.SD_WriteBlock
                0x0000000000007f2a      0x370 ./User/sdio.o
                0x0000000000007f2a                SD_WriteBlock
 .text.SD_WriteMultiBlocks
                0x000000000000829a      0x39c ./User/sdio.o
                0x000000000000829a                SD_WriteMultiBlocks
 .text.SD_ReadDisk
                0x0000000000008636       0x96 ./User/sdio.o
                0x0000000000008636                SD_ReadDisk
 .text.SD_WriteDisk
                0x00000000000086cc       0x90 ./User/sdio.o
                0x00000000000086cc                SD_WriteDisk
 .text.SPI1_ReadWriteByte
                0x000000000000875c       0x74 ./User/spi_flash.o
                0x000000000000875c                SPI1_ReadWriteByte
 .text.SPI_Flash_Init
                0x00000000000087d0       0xd4 ./User/spi_flash.o
                0x00000000000087d0                SPI_Flash_Init
 .text.SPI_Flash_ReadSR
                0x00000000000088a4       0x40 ./User/spi_flash.o
                0x00000000000088a4                SPI_Flash_ReadSR
 .text.SPI_Flash_Wait_Busy
                0x00000000000088e4       0x12 ./User/spi_flash.o
                0x00000000000088e4                SPI_Flash_Wait_Busy
 .text.SPI_FLASH_Write_Enable
                0x00000000000088f6       0x2e ./User/spi_flash.o
                0x00000000000088f6                SPI_FLASH_Write_Enable
 .text.SPI_Flash_ReadID
                0x0000000000008924       0x6e ./User/spi_flash.o
                0x0000000000008924                SPI_Flash_ReadID
 .text.SPI_Flash_Erase_Sector
                0x0000000000008992       0x60 ./User/spi_flash.o
                0x0000000000008992                SPI_Flash_Erase_Sector
 .text.SPI_Flash_Read
                0x00000000000089f2       0x7c ./User/spi_flash.o
                0x00000000000089f2                SPI_Flash_Read
 .text.SPI_Flash_Write_Page
                0x0000000000008a6e       0x80 ./User/spi_flash.o
                0x0000000000008a6e                SPI_Flash_Write_Page
 .text.SPI_Flash_Write_NoCheck
                0x0000000000008aee       0x6a ./User/spi_flash.o
                0x0000000000008aee                SPI_Flash_Write_NoCheck
 .text.SPI_Flash_Write
                0x0000000000008b58       0xf2 ./User/spi_flash.o
                0x0000000000008b58                SPI_Flash_Write
 .text.SystemInit
                0x0000000000008c4a      0x122 ./User/system_ch32v30x.o
                0x0000000000008c4a                SystemInit
 .text.vector_handler
                0x0000000000008d6c       0xbe ./Startup/startup_ch32v30x.o
                0x0000000000008d70                Ecall_M_Mode_Handler
                0x0000000000008d72                Ecall_U_Mode_Handler
                0x0000000000008d74                Break_Point_Handler
                0x0000000000008d7a                WWDG_IRQHandler
                0x0000000000008d7c                PVD_IRQHandler
                0x0000000000008d7e                TAMPER_IRQHandler
                0x0000000000008d80                RTC_IRQHandler
                0x0000000000008d82                FLASH_IRQHandler
                0x0000000000008d84                RCC_IRQHandler
                0x0000000000008d86                EXTI0_IRQHandler
                0x0000000000008d88                EXTI1_IRQHandler
                0x0000000000008d8a                EXTI2_IRQHandler
                0x0000000000008d8c                EXTI3_IRQHandler
                0x0000000000008d8e                EXTI4_IRQHandler
                0x0000000000008d90                DMA1_Channel1_IRQHandler
                0x0000000000008d92                DMA1_Channel2_IRQHandler
                0x0000000000008d94                DMA1_Channel3_IRQHandler
                0x0000000000008d96                DMA1_Channel4_IRQHandler
                0x0000000000008d98                DMA1_Channel5_IRQHandler
                0x0000000000008d9a                DMA1_Channel6_IRQHandler
                0x0000000000008d9c                DMA1_Channel7_IRQHandler
                0x0000000000008d9e                ADC1_2_IRQHandler
                0x0000000000008da0                USB_HP_CAN1_TX_IRQHandler
                0x0000000000008da2                USB_LP_CAN1_RX0_IRQHandler
                0x0000000000008da4                CAN1_RX1_IRQHandler
                0x0000000000008da6                CAN1_SCE_IRQHandler
                0x0000000000008da8                EXTI9_5_IRQHandler
                0x0000000000008daa                TIM1_BRK_IRQHandler
                0x0000000000008dac                TIM1_UP_IRQHandler
                0x0000000000008dae                TIM1_TRG_COM_IRQHandler
                0x0000000000008db0                TIM1_CC_IRQHandler
                0x0000000000008db2                TIM2_IRQHandler
                0x0000000000008db4                TIM3_IRQHandler
                0x0000000000008db6                TIM4_IRQHandler
                0x0000000000008db8                I2C1_EV_IRQHandler
                0x0000000000008dba                I2C1_ER_IRQHandler
                0x0000000000008dbc                I2C2_EV_IRQHandler
                0x0000000000008dbe                I2C2_ER_IRQHandler
                0x0000000000008dc0                SPI1_IRQHandler
                0x0000000000008dc2                SPI2_IRQHandler
                0x0000000000008dc4                USART1_IRQHandler
                0x0000000000008dc8                USART3_IRQHandler
                0x0000000000008dca                EXTI15_10_IRQHandler
                0x0000000000008dcc                RTCAlarm_IRQHandler
                0x0000000000008dce                USBWakeUp_IRQHandler
                0x0000000000008dd0                TIM8_BRK_IRQHandler
                0x0000000000008dd2                TIM8_UP_IRQHandler
                0x0000000000008dd4                TIM8_TRG_COM_IRQHandler
                0x0000000000008dd6                TIM8_CC_IRQHandler
                0x0000000000008dd8                RNG_IRQHandler
                0x0000000000008dda                FSMC_IRQHandler
                0x0000000000008dde                TIM5_IRQHandler
                0x0000000000008de0                SPI3_IRQHandler
                0x0000000000008de2                UART4_IRQHandler
                0x0000000000008de4                UART5_IRQHandler
                0x0000000000008de6                TIM6_IRQHandler
                0x0000000000008de8                TIM7_IRQHandler
                0x0000000000008dea                DMA2_Channel1_IRQHandler
                0x0000000000008dec                DMA2_Channel2_IRQHandler
                0x0000000000008dee                DMA2_Channel3_IRQHandler
                0x0000000000008df0                DMA2_Channel4_IRQHandler
                0x0000000000008df2                DMA2_Channel5_IRQHandler
                0x0000000000008df4                ETH_IRQHandler
                0x0000000000008df6                ETH_WKUP_IRQHandler
                0x0000000000008df8                CAN2_TX_IRQHandler
                0x0000000000008dfa                CAN2_RX0_IRQHandler
                0x0000000000008dfc                CAN2_RX1_IRQHandler
                0x0000000000008dfe                CAN2_SCE_IRQHandler
                0x0000000000008e00                OTG_FS_IRQHandler
                0x0000000000008e02                USBHSWakeup_IRQHandler
                0x0000000000008e04                USBHS_IRQHandler
                0x0000000000008e06                DVP_IRQHandler
                0x0000000000008e0c                UART8_IRQHandler
                0x0000000000008e0e                TIM9_BRK_IRQHandler
                0x0000000000008e10                TIM9_UP_IRQHandler
                0x0000000000008e12                TIM9_TRG_COM_IRQHandler
                0x0000000000008e14                TIM9_CC_IRQHandler
                0x0000000000008e16                TIM10_BRK_IRQHandler
                0x0000000000008e18                TIM10_UP_IRQHandler
                0x0000000000008e1a                TIM10_TRG_COM_IRQHandler
                0x0000000000008e1c                TIM10_CC_IRQHandler
                0x0000000000008e1e                DMA2_Channel6_IRQHandler
                0x0000000000008e20                DMA2_Channel7_IRQHandler
                0x0000000000008e22                DMA2_Channel8_IRQHandler
                0x0000000000008e24                DMA2_Channel9_IRQHandler
                0x0000000000008e26                DMA2_Channel10_IRQHandler
                0x0000000000008e28                DMA2_Channel11_IRQHandler
 .text.handle_reset
                0x0000000000008e2a       0x8e ./Startup/startup_ch32v30x.o
                0x0000000000008e2a                handle_reset
 .text.DMA_DeInit
                0x0000000000008eb8      0x16c ./Peripheral/src/ch32v30x_dma.o
                0x0000000000008eb8                DMA_DeInit
 .text.DMA_Init
                0x0000000000009024       0x38 ./Peripheral/src/ch32v30x_dma.o
                0x0000000000009024                DMA_Init
 .text.DMA_Cmd  0x000000000000905c       0x14 ./Peripheral/src/ch32v30x_dma.o
                0x000000000000905c                DMA_Cmd
 .text.GPIO_Init
                0x0000000000009070       0xc2 ./Peripheral/src/ch32v30x_gpio.o
                0x0000000000009070                GPIO_Init
 .text.GPIO_ReadInputDataBit
                0x0000000000009132        0xa ./Peripheral/src/ch32v30x_gpio.o
                0x0000000000009132                GPIO_ReadInputDataBit
 .text.GPIO_ReadInputData
                0x000000000000913c        0x8 ./Peripheral/src/ch32v30x_gpio.o
                0x000000000000913c                GPIO_ReadInputData
 .text.GPIO_SetBits
                0x0000000000009144        0x4 ./Peripheral/src/ch32v30x_gpio.o
                0x0000000000009144                GPIO_SetBits
 .text.GPIO_WriteBit
                0x0000000000009148        0xa ./Peripheral/src/ch32v30x_gpio.o
                0x0000000000009148                GPIO_WriteBit
 .text.NVIC_Init
                0x0000000000009152       0xb8 ./Peripheral/src/ch32v30x_misc.o
                0x0000000000009152                NVIC_Init
 .text.RCC_GetClocksFreq
                0x000000000000920a      0x10e ./Peripheral/src/ch32v30x_rcc.o
                0x000000000000920a                RCC_GetClocksFreq
 .text.RCC_AHBPeriphClockCmd
                0x0000000000009318       0x1e ./Peripheral/src/ch32v30x_rcc.o
                0x0000000000009318                RCC_AHBPeriphClockCmd
 .text.RCC_APB2PeriphClockCmd
                0x0000000000009336       0x1e ./Peripheral/src/ch32v30x_rcc.o
                0x0000000000009336                RCC_APB2PeriphClockCmd
 .text.RCC_APB1PeriphClockCmd
                0x0000000000009354       0x1e ./Peripheral/src/ch32v30x_rcc.o
                0x0000000000009354                RCC_APB1PeriphClockCmd
 .text.SDIO_DeInit
                0x0000000000009372       0x30 ./Peripheral/src/ch32v30x_sdio.o
                0x0000000000009372                SDIO_DeInit
 .text.SDIO_Init
                0x00000000000093a2       0x2c ./Peripheral/src/ch32v30x_sdio.o
                0x00000000000093a2                SDIO_Init
 .text.SDIO_ClockCmd
                0x00000000000093ce       0x16 ./Peripheral/src/ch32v30x_sdio.o
                0x00000000000093ce                SDIO_ClockCmd
 .text.SDIO_SetPowerState
                0x00000000000093e4       0x12 ./Peripheral/src/ch32v30x_sdio.o
                0x00000000000093e4                SDIO_SetPowerState
 .text.SDIO_GetPowerState
                0x00000000000093f6        0xa ./Peripheral/src/ch32v30x_sdio.o
                0x00000000000093f6                SDIO_GetPowerState
 .text.SDIO_DMACmd
                0x0000000000009400       0x14 ./Peripheral/src/ch32v30x_sdio.o
                0x0000000000009400                SDIO_DMACmd
 .text.SDIO_SendCommand
                0x0000000000009414       0x22 ./Peripheral/src/ch32v30x_sdio.o
                0x0000000000009414                SDIO_SendCommand
 .text.SDIO_DataConfig
                0x0000000000009436       0x26 ./Peripheral/src/ch32v30x_sdio.o
                0x0000000000009436                SDIO_DataConfig
 .text.SDIO_ReadData
                0x000000000000945c        0xa ./Peripheral/src/ch32v30x_sdio.o
                0x000000000000945c                SDIO_ReadData
 .text.SDIO_WriteData
                0x0000000000009466        0xa ./Peripheral/src/ch32v30x_sdio.o
                0x0000000000009466                SDIO_WriteData
 .text.SDIO_GetFlagStatus
                0x0000000000009470        0xe ./Peripheral/src/ch32v30x_sdio.o
                0x0000000000009470                SDIO_GetFlagStatus
 .text.SDIO_ClearFlag
                0x000000000000947e        0x8 ./Peripheral/src/ch32v30x_sdio.o
                0x000000000000947e                SDIO_ClearFlag
 .text.SPI_Init
                0x0000000000009486       0x5a ./Peripheral/src/ch32v30x_spi.o
                0x0000000000009486                SPI_Init
 .text.SPI_Cmd  0x00000000000094e0       0x1e ./Peripheral/src/ch32v30x_spi.o
                0x00000000000094e0                SPI_Cmd
 .text.SPI_I2S_SendData
                0x00000000000094fe        0x6 ./Peripheral/src/ch32v30x_spi.o
                0x00000000000094fe                SPI_I2S_SendData
 .text.SPI_I2S_ReceiveData
                0x0000000000009504        0x6 ./Peripheral/src/ch32v30x_spi.o
                0x0000000000009504                SPI_I2S_ReceiveData
 .text.SPI_I2S_GetFlagStatus
                0x000000000000950a        0xc ./Peripheral/src/ch32v30x_spi.o
                0x000000000000950a                SPI_I2S_GetFlagStatus
 .text.USART_Init
                0x0000000000009516       0xda ./Peripheral/src/ch32v30x_usart.o
                0x0000000000009516                USART_Init
 .text.USART_Cmd
                0x00000000000095f0       0x1c ./Peripheral/src/ch32v30x_usart.o
                0x00000000000095f0                USART_Cmd
 .text.USART_SendData
                0x000000000000960c        0xa ./Peripheral/src/ch32v30x_usart.o
                0x000000000000960c                USART_SendData
 .text.USART_ReceiveData
                0x0000000000009616        0xa ./Peripheral/src/ch32v30x_usart.o
                0x0000000000009616                USART_ReceiveData
 .text.USART_GetFlagStatus
                0x0000000000009620        0xc ./Peripheral/src/ch32v30x_usart.o
                0x0000000000009620                USART_GetFlagStatus
 .text.USART_GetITStatus
                0x000000000000962c       0x44 ./Peripheral/src/ch32v30x_usart.o
                0x000000000000962c                USART_GetITStatus
 .text.Delay_Init
                0x0000000000009670       0x26 ./Debug/debug.o
                0x0000000000009670                Delay_Init
 .text.Delay_Us
                0x0000000000009696       0x2c ./Debug/debug.o
                0x0000000000009696                Delay_Us
 .text.Delay_Ms
                0x00000000000096c2       0x2c ./Debug/debug.o
                0x00000000000096c2                Delay_Ms
 .text.USART_Printf_Init
                0x00000000000096ee       0x5e ./Debug/debug.o
                0x00000000000096ee                USART_Printf_Init
 .text._write   0x000000000000974c       0x50 ./Debug/debug.o
                0x000000000000974c                _write
 .text.__get_MEPC
                0x000000000000979c        0x6 ./Core/core_riscv.o
                0x000000000000979c                __get_MEPC
 .text.__get_MCAUSE
                0x00000000000097a2        0x6 ./Core/core_riscv.o
                0x00000000000097a2                __get_MCAUSE
 .text.__get_MTVAL
                0x00000000000097a8        0x6 ./Core/core_riscv.o
                0x00000000000097a8                __get_MTVAL
 .text.__divdi3
                0x00000000000097ae      0x3d8 c:/users/pc/desktop/arch/tool/mounriver_studio_setup_v180/mounriver/mounriver_studio/toolchain/risc-v embedded gcc/bin/../lib/gcc/riscv-none-embed/8.2.0/rv32imafc/ilp32f\libgcc.a(_divdi3.o)
                0x00000000000097ae                __divdi3
 .text.__udivdi3
                0x0000000000009b86      0x398 c:/users/pc/desktop/arch/tool/mounriver_studio_setup_v180/mounriver/mounriver_studio/toolchain/risc-v embedded gcc/bin/../lib/gcc/riscv-none-embed/8.2.0/rv32imafc/ilp32f\libgcc.a(_udivdi3.o)
                0x0000000000009b86                __udivdi3
 .text.__sflush_r
                0x0000000000009f1e      0x13c c:/users/pc/desktop/arch/tool/mounriver_studio_setup_v180/mounriver/mounriver_studio/toolchain/risc-v embedded gcc/bin/../lib/gcc/riscv-none-embed/8.2.0/../../../../riscv-none-embed/lib/rv32imafc/ilp32f\libg_nano.a(lib_a-fflush.o)
                0x0000000000009f1e                __sflush_r
 .text._fflush_r
                0x000000000000a05a       0x66 c:/users/pc/desktop/arch/tool/mounriver_studio_setup_v180/mounriver/mounriver_studio/toolchain/risc-v embedded gcc/bin/../lib/gcc/riscv-none-embed/8.2.0/../../../../riscv-none-embed/lib/rv32imafc/ilp32f\libg_nano.a(lib_a-fflush.o)
                0x000000000000a05a                _fflush_r
 .text.std      0x000000000000a0c0       0x6a c:/users/pc/desktop/arch/tool/mounriver_studio_setup_v180/mounriver/mounriver_studio/toolchain/risc-v embedded gcc/bin/../lib/gcc/riscv-none-embed/8.2.0/../../../../riscv-none-embed/lib/rv32imafc/ilp32f\libg_nano.a(lib_a-findfp.o)
 .text._cleanup_r
                0x000000000000a12a        0xa c:/users/pc/desktop/arch/tool/mounriver_studio_setup_v180/mounriver/mounriver_studio/toolchain/risc-v embedded gcc/bin/../lib/gcc/riscv-none-embed/8.2.0/../../../../riscv-none-embed/lib/rv32imafc/ilp32f\libg_nano.a(lib_a-findfp.o)
                0x000000000000a12a                _cleanup_r
 .text.__sfmoreglue
                0x000000000000a134       0x46 c:/users/pc/desktop/arch/tool/mounriver_studio_setup_v180/mounriver/mounriver_studio/toolchain/risc-v embedded gcc/bin/../lib/gcc/riscv-none-embed/8.2.0/../../../../riscv-none-embed/lib/rv32imafc/ilp32f\libg_nano.a(lib_a-findfp.o)
                0x000000000000a134                __sfmoreglue
 .text.__sinit  0x000000000000a17a       0x6c c:/users/pc/desktop/arch/tool/mounriver_studio_setup_v180/mounriver/mounriver_studio/toolchain/risc-v embedded gcc/bin/../lib/gcc/riscv-none-embed/8.2.0/../../../../riscv-none-embed/lib/rv32imafc/ilp32f\libg_nano.a(lib_a-findfp.o)
                0x000000000000a17a                __sinit
 .text.__sfp    0x000000000000a1e6       0xa0 c:/users/pc/desktop/arch/tool/mounriver_studio_setup_v180/mounriver/mounriver_studio/toolchain/risc-v embedded gcc/bin/../lib/gcc/riscv-none-embed/8.2.0/../../../../riscv-none-embed/lib/rv32imafc/ilp32f\libg_nano.a(lib_a-findfp.o)
                0x000000000000a1e6                __sfp
 .text._fwalk_reent
                0x000000000000a286       0x6c c:/users/pc/desktop/arch/tool/mounriver_studio_setup_v180/mounriver/mounriver_studio/toolchain/risc-v embedded gcc/bin/../lib/gcc/riscv-none-embed/8.2.0/../../../../riscv-none-embed/lib/rv32imafc/ilp32f\libg_nano.a(lib_a-fwalk.o)
                0x000000000000a286                _fwalk_reent
 .text.memcmp   0x000000000000a2f2       0x26 c:/users/pc/desktop/arch/tool/mounriver_studio_setup_v180/mounriver/mounriver_studio/toolchain/risc-v embedded gcc/bin/../lib/gcc/riscv-none-embed/8.2.0/../../../../riscv-none-embed/lib/rv32imafc/ilp32f\libg_nano.a(lib_a-memcmp.o)
                0x000000000000a2f2                memcmp
 .text.memcpy   0x000000000000a318       0xb6 c:/users/pc/desktop/arch/tool/mounriver_studio_setup_v180/mounriver/mounriver_studio/toolchain/risc-v embedded gcc/bin/../lib/gcc/riscv-none-embed/8.2.0/../../../../riscv-none-embed/lib/rv32imafc/ilp32f\libg_nano.a(lib_a-memcpy.o)
                0x000000000000a318                memcpy
 .text._free_r  0x000000000000a3ce       0xa6 c:/users/pc/desktop/arch/tool/mounriver_studio_setup_v180/mounriver/mounriver_studio/toolchain/risc-v embedded gcc/bin/../lib/gcc/riscv-none-embed/8.2.0/../../../../riscv-none-embed/lib/rv32imafc/ilp32f\libg_nano.a(lib_a-nano-freer.o)
                0x000000000000a3ce                _free_r
 .text._malloc_r
                0x000000000000a474       0xce c:/users/pc/desktop/arch/tool/mounriver_studio_setup_v180/mounriver/mounriver_studio/toolchain/risc-v embedded gcc/bin/../lib/gcc/riscv-none-embed/8.2.0/../../../../riscv-none-embed/lib/rv32imafc/ilp32f\libg_nano.a(lib_a-nano-mallocr.o)
                0x000000000000a474                _malloc_r
 .text.printf   0x000000000000a542       0x40 c:/users/pc/desktop/arch/tool/mounriver_studio_setup_v180/mounriver/mounriver_studio/toolchain/risc-v embedded gcc/bin/../lib/gcc/riscv-none-embed/8.2.0/../../../../riscv-none-embed/lib/rv32imafc/ilp32f\libg_nano.a(lib_a-printf.o)
                0x000000000000a542                iprintf
                0x000000000000a542                printf
 .text._puts_r  0x000000000000a582       0xde c:/users/pc/desktop/arch/tool/mounriver_studio_setup_v180/mounriver/mounriver_studio/toolchain/risc-v embedded gcc/bin/../lib/gcc/riscv-none-embed/8.2.0/../../../../riscv-none-embed/lib/rv32imafc/ilp32f\libg_nano.a(lib_a-puts.o)
                0x000000000000a582                _puts_r
 .text.puts     0x000000000000a660        0xc c:/users/pc/desktop/arch/tool/mounriver_studio_setup_v180/mounriver/mounriver_studio/toolchain/risc-v embedded gcc/bin/../lib/gcc/riscv-none-embed/8.2.0/../../../../riscv-none-embed/lib/rv32imafc/ilp32f\libg_nano.a(lib_a-puts.o)
                0x000000000000a660                puts
 .text._sbrk_r  0x000000000000a66c       0x32 c:/users/pc/desktop/arch/tool/mounriver_studio_setup_v180/mounriver/mounriver_studio/toolchain/risc-v embedded gcc/bin/../lib/gcc/riscv-none-embed/8.2.0/../../../../riscv-none-embed/lib/rv32imafc/ilp32f\libg_nano.a(lib_a-sbrkr.o)
                0x000000000000a66c                _sbrk_r
 .text.__sread  0x000000000000a69e       0x32 c:/users/pc/desktop/arch/tool/mounriver_studio_setup_v180/mounriver/mounriver_studio/toolchain/risc-v embedded gcc/bin/../lib/gcc/riscv-none-embed/8.2.0/../../../../riscv-none-embed/lib/rv32imafc/ilp32f\libg_nano.a(lib_a-stdio.o)
                0x000000000000a69e                __sread
 .text.__swrite
                0x000000000000a6d0       0x4e c:/users/pc/desktop/arch/tool/mounriver_studio_setup_v180/mounriver/mounriver_studio/toolchain/risc-v embedded gcc/bin/../lib/gcc/riscv-none-embed/8.2.0/../../../../riscv-none-embed/lib/rv32imafc/ilp32f\libg_nano.a(lib_a-stdio.o)
                0x000000000000a6d0                __swrite
 .text.__sseek  0x000000000000a71e       0x36 c:/users/pc/desktop/arch/tool/mounriver_studio_setup_v180/mounriver/mounriver_studio/toolchain/risc-v embedded gcc/bin/../lib/gcc/riscv-none-embed/8.2.0/../../../../riscv-none-embed/lib/rv32imafc/ilp32f\libg_nano.a(lib_a-stdio.o)
                0x000000000000a71e                __sseek
 .text.__sclose
                0x000000000000a754        0x6 c:/users/pc/desktop/arch/tool/mounriver_studio_setup_v180/mounriver/mounriver_studio/toolchain/risc-v embedded gcc/bin/../lib/gcc/riscv-none-embed/8.2.0/../../../../riscv-none-embed/lib/rv32imafc/ilp32f\libg_nano.a(lib_a-stdio.o)
                0x000000000000a754                __sclose
 .text.strlen   0x000000000000a75a       0x12 c:/users/pc/desktop/arch/tool/mounriver_studio_setup_v180/mounriver/mounriver_studio/toolchain/risc-v embedded gcc/bin/../lib/gcc/riscv-none-embed/8.2.0/../../../../riscv-none-embed/lib/rv32imafc/ilp32f\libg_nano.a(lib_a-strlen.o)
                0x000000000000a75a                strlen
 .text.strncmp  0x000000000000a76c       0x2c c:/users/pc/desktop/arch/tool/mounriver_studio_setup_v180/mounriver/mounriver_studio/toolchain/risc-v embedded gcc/bin/../lib/gcc/riscv-none-embed/8.2.0/../../../../riscv-none-embed/lib/rv32imafc/ilp32f\libg_nano.a(lib_a-strncmp.o)
                0x000000000000a76c                strncmp
 .text.strncpy  0x000000000000a798       0x24 c:/users/pc/desktop/arch/tool/mounriver_studio_setup_v180/mounriver/mounriver_studio/toolchain/risc-v embedded gcc/bin/../lib/gcc/riscv-none-embed/8.2.0/../../../../riscv-none-embed/lib/rv32imafc/ilp32f\libg_nano.a(lib_a-strncpy.o)
                0x000000000000a798                strncpy
 .text.__swbuf_r
                0x000000000000a7bc       0xc6 c:/users/pc/desktop/arch/tool/mounriver_studio_setup_v180/mounriver/mounriver_studio/toolchain/risc-v embedded gcc/bin/../lib/gcc/riscv-none-embed/8.2.0/../../../../riscv-none-embed/lib/rv32imafc/ilp32f\libg_nano.a(lib_a-wbuf.o)
                0x000000000000a7bc                __swbuf_r
 .text._write_r
                0x000000000000a882       0x36 c:/users/pc/desktop/arch/tool/mounriver_studio_setup_v180/mounriver/mounriver_studio/toolchain/risc-v embedded gcc/bin/../lib/gcc/riscv-none-embed/8.2.0/../../../../riscv-none-embed/lib/rv32imafc/ilp32f\libg_nano.a(lib_a-writer.o)
                0x000000000000a882                _write_r
 .text.__swsetup_r
                0x000000000000a8b8      0x110 c:/users/pc/desktop/arch/tool/mounriver_studio_setup_v180/mounriver/mounriver_studio/toolchain/risc-v embedded gcc/bin/../lib/gcc/riscv-none-embed/8.2.0/../../../../riscv-none-embed/lib/rv32imafc/ilp32f\libg_nano.a(lib_a-wsetup.o)
                0x000000000000a8b8                __swsetup_r
 .text._close_r
                0x000000000000a9c8       0x32 c:/users/pc/desktop/arch/tool/mounriver_studio_setup_v180/mounriver/mounriver_studio/toolchain/risc-v embedded gcc/bin/../lib/gcc/riscv-none-embed/8.2.0/../../../../riscv-none-embed/lib/rv32imafc/ilp32f\libg_nano.a(lib_a-closer.o)
                0x000000000000a9c8                _close_r
 .text._lseek_r
                0x000000000000a9fa       0x36 c:/users/pc/desktop/arch/tool/mounriver_studio_setup_v180/mounriver/mounriver_studio/toolchain/risc-v embedded gcc/bin/../lib/gcc/riscv-none-embed/8.2.0/../../../../riscv-none-embed/lib/rv32imafc/ilp32f\libg_nano.a(lib_a-lseekr.o)
                0x000000000000a9fa                _lseek_r
 .text.__swhatbuf_r
                0x000000000000aa30       0x5a c:/users/pc/desktop/arch/tool/mounriver_studio_setup_v180/mounriver/mounriver_studio/toolchain/risc-v embedded gcc/bin/../lib/gcc/riscv-none-embed/8.2.0/../../../../riscv-none-embed/lib/rv32imafc/ilp32f\libg_nano.a(lib_a-makebuf.o)
                0x000000000000aa30                __swhatbuf_r
 .text.__smakebuf_r
                0x000000000000aa8a       0xa0 c:/users/pc/desktop/arch/tool/mounriver_studio_setup_v180/mounriver/mounriver_studio/toolchain/risc-v embedded gcc/bin/../lib/gcc/riscv-none-embed/8.2.0/../../../../riscv-none-embed/lib/rv32imafc/ilp32f\libg_nano.a(lib_a-makebuf.o)
                0x000000000000aa8a                __smakebuf_r
 .text.__malloc_lock
                0x000000000000ab2a        0x2 c:/users/pc/desktop/arch/tool/mounriver_studio_setup_v180/mounriver/mounriver_studio/toolchain/risc-v embedded gcc/bin/../lib/gcc/riscv-none-embed/8.2.0/../../../../riscv-none-embed/lib/rv32imafc/ilp32f\libg_nano.a(lib_a-mlock.o)
                0x000000000000ab2a                __malloc_lock
 .text.__malloc_unlock
                0x000000000000ab2c        0x2 c:/users/pc/desktop/arch/tool/mounriver_studio_setup_v180/mounriver/mounriver_studio/toolchain/risc-v embedded gcc/bin/../lib/gcc/riscv-none-embed/8.2.0/../../../../riscv-none-embed/lib/rv32imafc/ilp32f\libg_nano.a(lib_a-mlock.o)
                0x000000000000ab2c                __malloc_unlock
 .text.__sfputc_r
                0x000000000000ab2e       0x2a c:/users/pc/desktop/arch/tool/mounriver_studio_setup_v180/mounriver/mounriver_studio/toolchain/risc-v embedded gcc/bin/../lib/gcc/riscv-none-embed/8.2.0/../../../../riscv-none-embed/lib/rv32imafc/ilp32f\libg_nano.a(lib_a-nano-vfprintf.o)
 .text.__sfputs_r
                0x000000000000ab58       0x44 c:/users/pc/desktop/arch/tool/mounriver_studio_setup_v180/mounriver/mounriver_studio/toolchain/risc-v embedded gcc/bin/../lib/gcc/riscv-none-embed/8.2.0/../../../../riscv-none-embed/lib/rv32imafc/ilp32f\libg_nano.a(lib_a-nano-vfprintf.o)
                0x000000000000ab58                __sfputs_r
 .text._vfprintf_r
                0x000000000000ab9c      0x29c c:/users/pc/desktop/arch/tool/mounriver_studio_setup_v180/mounriver/mounriver_studio/toolchain/risc-v embedded gcc/bin/../lib/gcc/riscv-none-embed/8.2.0/../../../../riscv-none-embed/lib/rv32imafc/ilp32f\libg_nano.a(lib_a-nano-vfprintf.o)
                0x000000000000ab9c                _vfprintf_r
                0x000000000000ab9c                _vfiprintf_r
 .text._printf_common
                0x000000000000ae38      0x10c c:/users/pc/desktop/arch/tool/mounriver_studio_setup_v180/mounriver/mounriver_studio/toolchain/risc-v embedded gcc/bin/../lib/gcc/riscv-none-embed/8.2.0/../../../../riscv-none-embed/lib/rv32imafc/ilp32f\libg_nano.a(lib_a-nano-vfprintf_i.o)
                0x000000000000ae38                _printf_common
 .text._printf_i
                0x000000000000af44      0x2aa c:/users/pc/desktop/arch/tool/mounriver_studio_setup_v180/mounriver/mounriver_studio/toolchain/risc-v embedded gcc/bin/../lib/gcc/riscv-none-embed/8.2.0/../../../../riscv-none-embed/lib/rv32imafc/ilp32f\libg_nano.a(lib_a-nano-vfprintf_i.o)
                0x000000000000af44                _printf_i
 .text._read_r  0x000000000000b1ee       0x34 c:/users/pc/desktop/arch/tool/mounriver_studio_setup_v180/mounriver/mounriver_studio/toolchain/risc-v embedded gcc/bin/../lib/gcc/riscv-none-embed/8.2.0/../../../../riscv-none-embed/lib/rv32imafc/ilp32f\libg_nano.a(lib_a-readr.o)
                0x000000000000b1ee                _read_r
 .text._fstat_r
                0x000000000000b222       0x32 c:/users/pc/desktop/arch/tool/mounriver_studio_setup_v180/mounriver/mounriver_studio/toolchain/risc-v embedded gcc/bin/../lib/gcc/riscv-none-embed/8.2.0/../../../../riscv-none-embed/lib/rv32imafc/ilp32f\libg_nano.a(lib_a-fstatr.o)
                0x000000000000b222                _fstat_r
 .text._isatty_r
                0x000000000000b254       0x30 c:/users/pc/desktop/arch/tool/mounriver_studio_setup_v180/mounriver/mounriver_studio/toolchain/risc-v embedded gcc/bin/../lib/gcc/riscv-none-embed/8.2.0/../../../../riscv-none-embed/lib/rv32imafc/ilp32f\libg_nano.a(lib_a-isattyr.o)
                0x000000000000b254                _isatty_r
 .text.memchr   0x000000000000b284       0x1a c:/users/pc/desktop/arch/tool/mounriver_studio_setup_v180/mounriver/mounriver_studio/toolchain/risc-v embedded gcc/bin/../lib/gcc/riscv-none-embed/8.2.0/../../../../riscv-none-embed/lib/rv32imafc/ilp32f\libg_nano.a(lib_a-memchr.o)
                0x000000000000b284                memchr
 .text._close   0x000000000000b29e       0x10 c:/users/pc/desktop/arch/tool/mounriver_studio_setup_v180/mounriver/mounriver_studio/toolchain/risc-v embedded gcc/bin/../lib/gcc/riscv-none-embed/8.2.0/../../../../riscv-none-embed/lib/rv32imafc/ilp32f\libnosys.a(close.o)
                0x000000000000b29e                _close
 .text._fstat   0x000000000000b2ae       0x10 c:/users/pc/desktop/arch/tool/mounriver_studio_setup_v180/mounriver/mounriver_studio/toolchain/risc-v embedded gcc/bin/../lib/gcc/riscv-none-embed/8.2.0/../../../../riscv-none-embed/lib/rv32imafc/ilp32f\libnosys.a(fstat.o)
                0x000000000000b2ae                _fstat
 .text._isatty  0x000000000000b2be       0x10 c:/users/pc/desktop/arch/tool/mounriver_studio_setup_v180/mounriver/mounriver_studio/toolchain/risc-v embedded gcc/bin/../lib/gcc/riscv-none-embed/8.2.0/../../../../riscv-none-embed/lib/rv32imafc/ilp32f\libnosys.a(isatty.o)
                0x000000000000b2be                _isatty
 .text._lseek   0x000000000000b2ce       0x10 c:/users/pc/desktop/arch/tool/mounriver_studio_setup_v180/mounriver/mounriver_studio/toolchain/risc-v embedded gcc/bin/../lib/gcc/riscv-none-embed/8.2.0/../../../../riscv-none-embed/lib/rv32imafc/ilp32f\libnosys.a(lseek.o)
                0x000000000000b2ce                _lseek
 .text._read    0x000000000000b2de       0x10 c:/users/pc/desktop/arch/tool/mounriver_studio_setup_v180/mounriver/mounriver_studio/toolchain/risc-v embedded gcc/bin/../lib/gcc/riscv-none-embed/8.2.0/../../../../riscv-none-embed/lib/rv32imafc/ilp32f\libnosys.a(read.o)
                0x000000000000b2de                _read
 .text._sbrk    0x000000000000b2ee       0x24 c:/users/pc/desktop/arch/tool/mounriver_studio_setup_v180/mounriver/mounriver_studio/toolchain/risc-v embedded gcc/bin/../lib/gcc/riscv-none-embed/8.2.0/../../../../riscv-none-embed/lib/rv32imafc/ilp32f\libnosys.a(sbrk.o)
                0x000000000000b2ee                _sbrk
 *(.rodata)
 *(.rodata*)
 *fill*         0x000000000000b312        0x2 
 .rodata.knl_idle_init.str1.4
                0x000000000000b314        0x5 ./kernel/core/tos_sys.o
 *fill*         0x000000000000b319        0x3 
 .rodata.tos_vfs_fs_mkfs.str1.4
                0x000000000000b31c        0xe ./fs/vfs/tos_vfs_fs.o
 *fill*         0x000000000000b32a        0x2 
 .rodata.LfnOfs
                0x000000000000b32c        0xd ./fs/fatfs/tos_ff.o
 *fill*         0x000000000000b339        0x3 
 .rodata.check_fs.str1.4
                0x000000000000b33c        0xa ./fs/fatfs/tos_ff.o
 *fill*         0x000000000000b346        0x2 
 .rodata.cst.8163
                0x000000000000b348        0xe ./fs/fatfs/tos_ff.o
 *fill*         0x000000000000b356        0x2 
 .rodata.cst32.8164
                0x000000000000b358        0xe ./fs/fatfs/tos_ff.o
 *fill*         0x000000000000b366        0x2 
 .rodata.follow_path.str1.4
                0x000000000000b368       0x13 ./fs/fatfs/tos_ff.o
 *fill*         0x000000000000b37b        0x1 
 .rodata.tos_f_mkfs.str1.4
                0x000000000000b37c       0x34 ./fs/fatfs/tos_ff.o
 .rodata.tos_ff_wtoupper
                0x000000000000b3b0       0x24 ./fs/fatfs/tos_ffunicode.o
 .rodata.cvt1.7581
                0x000000000000b3d4      0x1f2 ./fs/fatfs/tos_ffunicode.o
 *fill*         0x000000000000b5c6        0x2 
 .rodata.cvt2.7582
                0x000000000000b5c8       0xbc ./fs/fatfs/tos_ffunicode.o
 .rodata.oem2uni936
                0x000000000000b684    0x15484 ./fs/fatfs/tos_ffunicode.o
 .rodata.uni2oem936
                0x0000000000020b08    0x15484 ./fs/fatfs/tos_ffunicode.o
 .rodata.application_entry.str1.4
                0x0000000000035f8c      0x154 ./examples/fatfs_through_vfs_sample.o
                                        0x160 (size before relaxing)
 .rodata.HardFault_Handler.str1.4
                0x00000000000360e0       0x3c ./User/ch32v30x_it.o
 .rodata.LCD_ShowFloatNum1.cst4
                0x000000000003611c        0x4 ./User/lcd.o
 .rodata.ascii_1206
                0x0000000000036120      0x474 ./User/lcd.o
                0x0000000000036120                ascii_1206
 .rodata.ascii_1608
                0x0000000000036594      0x5f0 ./User/lcd.o
                0x0000000000036594                ascii_1608
 .rodata.ascii_2412
                0x0000000000036b84     0x11d0 ./User/lcd.o
                0x0000000000036b84                ascii_2412
 .rodata.ascii_3216
                0x0000000000037d54     0x17c0 ./User/lcd.o
                0x0000000000037d54                ascii_3216
 .rodata.tfont12
                0x0000000000039514       0x82 ./User/lcd.o
                0x0000000000039514                tfont12
 *fill*         0x0000000000039596        0x2 
 .rodata.tfont16
                0x0000000000039598       0xaa ./User/lcd.o
                0x0000000000039598                tfont16
 *fill*         0x0000000000039642        0x2 
 .rodata.tfont24
                0x0000000000039644      0x172 ./User/lcd.o
                0x0000000000039644                tfont24
 *fill*         0x00000000000397b6        0x2 
 .rodata.tfont32
                0x00000000000397b8      0x28a ./User/lcd.o
                0x00000000000397b8                tfont32
 *fill*         0x0000000000039a42        0x2 
 .rodata.spi_flash_test
                0x0000000000039a44       0x14 ./User/main.o
 .rodata.SD_Card_test.str1.4
                0x0000000000039a58       0x9f ./User/main.o
 *fill*         0x0000000000039af7        0x1 
 .rodata.TEXT_Buf
                0x0000000000039af8       0x1a ./User/main.o
                0x0000000000039af8                TEXT_Buf
 *fill*         0x0000000000039b12        0x2 
 .rodata.gImage_1
                0x0000000000039b14      0xc80 ./User/main.o
                0x0000000000039b14                gImage_1
 .rodata.lcd_test.str1.4
                0x000000000003a794       0x49 ./User/main.o
 *fill*         0x000000000003a7dd        0x3 
 .rodata.main.str1.4
                0x000000000003a7e0       0x6d ./User/main.o
 *fill*         0x000000000003a84d        0x3 
 .rodata.show_sdcard_info.str1.4
                0x000000000003a850       0xb6 ./User/main.o
 *fill*         0x000000000003a906        0x2 
 .rodata.spi_flash_test.str1.4
                0x000000000003a908       0xe2 ./User/main.o
 *fill*         0x000000000003a9ea        0x2 
 .rodata.__clz_tab
                0x000000000003a9ec      0x100 c:/users/pc/desktop/arch/tool/mounriver_studio_setup_v180/mounriver/mounriver_studio/toolchain/risc-v embedded gcc/bin/../lib/gcc/riscv-none-embed/8.2.0/rv32imafc/ilp32f\libgcc.a(_clz.o)
                0x000000000003a9ec                __clz_tab
 .rodata.__sf_fake_stderr
                0x000000000003aaec       0x20 c:/users/pc/desktop/arch/tool/mounriver_studio_setup_v180/mounriver/mounriver_studio/toolchain/risc-v embedded gcc/bin/../lib/gcc/riscv-none-embed/8.2.0/../../../../riscv-none-embed/lib/rv32imafc/ilp32f\libg_nano.a(lib_a-findfp.o)
                0x000000000003aaec                __sf_fake_stderr
 .rodata.__sf_fake_stdin
                0x000000000003ab0c       0x20 c:/users/pc/desktop/arch/tool/mounriver_studio_setup_v180/mounriver/mounriver_studio/toolchain/risc-v embedded gcc/bin/../lib/gcc/riscv-none-embed/8.2.0/../../../../riscv-none-embed/lib/rv32imafc/ilp32f\libg_nano.a(lib_a-findfp.o)
                0x000000000003ab0c                __sf_fake_stdin
 .rodata.__sf_fake_stdout
                0x000000000003ab2c       0x20 c:/users/pc/desktop/arch/tool/mounriver_studio_setup_v180/mounriver/mounriver_studio/toolchain/risc-v embedded gcc/bin/../lib/gcc/riscv-none-embed/8.2.0/../../../../riscv-none-embed/lib/rv32imafc/ilp32f\libg_nano.a(lib_a-findfp.o)
                0x000000000003ab2c                __sf_fake_stdout
 .rodata._vfprintf_r.str1.4
                0x000000000003ab4c       0x13 c:/users/pc/desktop/arch/tool/mounriver_studio_setup_v180/mounriver/mounriver_studio/toolchain/risc-v embedded gcc/bin/../lib/gcc/riscv-none-embed/8.2.0/../../../../riscv-none-embed/lib/rv32imafc/ilp32f\libg_nano.a(lib_a-nano-vfprintf.o)
 *fill*         0x000000000003ab5f        0x1 
 .rodata._printf_i.str1.4
                0x000000000003ab60       0x28 c:/users/pc/desktop/arch/tool/mounriver_studio_setup_v180/mounriver/mounriver_studio/toolchain/risc-v embedded gcc/bin/../lib/gcc/riscv-none-embed/8.2.0/../../../../riscv-none-embed/lib/rv32imafc/ilp32f\libg_nano.a(lib_a-nano-vfprintf_i.o)
                                         0x25 (size before relaxing)
 *(.glue_7)
 *(.glue_7t)
 *(.gnu.linkonce.t.*)
                0x000000000003ab88                . = ALIGN (0x4)

.rela.dyn       0x000000000003ab88        0x0
 .rela.sdata2.k_idle_task_stk_addr
                0x000000000003ab88        0x0 ./platform/hal/wch/ch32v30xx/tos_hal_sd.o
 .rela.text.mmheap_ctl_init
                0x000000000003ab88        0x0 ./platform/hal/wch/ch32v30xx/tos_hal_sd.o
 .rela.text.remove_free_block
                0x000000000003ab88        0x0 ./platform/hal/wch/ch32v30xx/tos_hal_sd.o
 .rela.text.blk_insert
                0x000000000003ab88        0x0 ./platform/hal/wch/ch32v30xx/tos_hal_sd.o
 .rela.text.blk_locate_free
                0x000000000003ab88        0x0 ./platform/hal/wch/ch32v30xx/tos_hal_sd.o
 .rela.text.tos_mmheap_pool_add
                0x000000000003ab88        0x0 ./platform/hal/wch/ch32v30xx/tos_hal_sd.o
 .rela.text.readyqueue_prio_mark
                0x000000000003ab88        0x0 ./platform/hal/wch/ch32v30xx/tos_hal_sd.o
 .rela.text.readyqueue_highest_ready_task_get
                0x000000000003ab88        0x0 ./platform/hal/wch/ch32v30xx/tos_hal_sd.o
 .rela.text.readyqueue_init
                0x000000000003ab88        0x0 ./platform/hal/wch/ch32v30xx/tos_hal_sd.o
 .rela.text.readyqueue_add_head
                0x000000000003ab88        0x0 ./platform/hal/wch/ch32v30xx/tos_hal_sd.o
 .rela.text.readyqueue_add_tail
                0x000000000003ab88        0x0 ./platform/hal/wch/ch32v30xx/tos_hal_sd.o
 .rela.text.readyqueue_remove
                0x000000000003ab88        0x0 ./platform/hal/wch/ch32v30xx/tos_hal_sd.o
 .rela.text.knl_is_idle
                0x000000000003ab88        0x0 ./platform/hal/wch/ch32v30xx/tos_hal_sd.o
 .rela.text.knl_idle_init
                0x000000000003ab88        0x0 ./platform/hal/wch/ch32v30xx/tos_hal_sd.o
 .rela.text.tos_knl_init
                0x000000000003ab88        0x0 ./platform/hal/wch/ch32v30xx/tos_hal_sd.o
 .rela.text.application_entry
                0x000000000003ab88        0x0 ./platform/hal/wch/ch32v30xx/tos_hal_sd.o
 .rela.sdata.k_irq_stk_top
                0x000000000003ab88        0x0 ./platform/hal/wch/ch32v30xx/tos_hal_sd.o
 .rela.text.USART2_IRQHandler
                0x000000000003ab88        0x0 ./platform/hal/wch/ch32v30xx/tos_hal_sd.o
 .rela.text.UART6_IRQHandler
                0x000000000003ab88        0x0 ./platform/hal/wch/ch32v30xx/tos_hal_sd.o
 .rela.text.UART7_IRQHandler
                0x000000000003ab88        0x0 ./platform/hal/wch/ch32v30xx/tos_hal_sd.o
 .rela.text.show_sdcard_info
                0x000000000003ab88        0x0 ./platform/hal/wch/ch32v30xx/tos_hal_sd.o
 .rela.text.SD_Card_test
                0x000000000003ab88        0x0 ./platform/hal/wch/ch32v30xx/tos_hal_sd.o
 .rela.text.startup.main
                0x000000000003ab88        0x0 ./platform/hal/wch/ch32v30xx/tos_hal_sd.o
 .rela.text.SD_SelectDeselect
                0x000000000003ab88        0x0 ./platform/hal/wch/ch32v30xx/tos_hal_sd.o
 .rela.text.SD_ProcessIRQSrc
                0x000000000003ab88        0x0 ./platform/hal/wch/ch32v30xx/tos_hal_sd.o
 .rela.text.SD_PowerON
                0x000000000003ab88        0x0 ./platform/hal/wch/ch32v30xx/tos_hal_sd.o
 .rela.text.SD_InitializeCards
                0x000000000003ab88        0x0 ./platform/hal/wch/ch32v30xx/tos_hal_sd.o
 .rela.text.IsCardProgramming
                0x000000000003ab88        0x0 ./platform/hal/wch/ch32v30xx/tos_hal_sd.o
 .rela.text.SD_SendStatus
                0x000000000003ab88        0x0 ./platform/hal/wch/ch32v30xx/tos_hal_sd.o
 .rela.text.FindSCR
                0x000000000003ab88        0x0 ./platform/hal/wch/ch32v30xx/tos_hal_sd.o
 .rela.text.SDEnWideBus
                0x000000000003ab88        0x0 ./platform/hal/wch/ch32v30xx/tos_hal_sd.o
 .rela.text.SD_Init
                0x000000000003ab88        0x0 ./platform/hal/wch/ch32v30xx/tos_hal_sd.o
 .rela.text.SD_ReadBlock
                0x000000000003ab88        0x0 ./platform/hal/wch/ch32v30xx/tos_hal_sd.o
 .rela.text.SD_ReadMultiBlocks
                0x000000000003ab88        0x0 ./platform/hal/wch/ch32v30xx/tos_hal_sd.o
 .rela.text.SD_WriteBlock
                0x000000000003ab88        0x0 ./platform/hal/wch/ch32v30xx/tos_hal_sd.o
 .rela.text.SD_WriteMultiBlocks
                0x000000000003ab88        0x0 ./platform/hal/wch/ch32v30xx/tos_hal_sd.o
 .rela.text.SD_ReadDisk
                0x000000000003ab88        0x0 ./platform/hal/wch/ch32v30xx/tos_hal_sd.o
 .rela.text.SD_WriteDisk
                0x000000000003ab88        0x0 ./platform/hal/wch/ch32v30xx/tos_hal_sd.o
 .rela.text.SPI_Flash_Write
                0x000000000003ab88        0x0 ./platform/hal/wch/ch32v30xx/tos_hal_sd.o
 .rela.init     0x000000000003ab88        0x0 ./platform/hal/wch/ch32v30xx/tos_hal_sd.o
 .rela.vector   0x000000000003ab88        0x0 ./platform/hal/wch/ch32v30xx/tos_hal_sd.o
 .rela.text.handle_reset
                0x000000000003ab88        0x0 ./platform/hal/wch/ch32v30xx/tos_hal_sd.o
 .rela.text._sbrk_r
                0x000000000003ab88        0x0 ./platform/hal/wch/ch32v30xx/tos_hal_sd.o
 .rela.text._write_r
                0x000000000003ab88        0x0 ./platform/hal/wch/ch32v30xx/tos_hal_sd.o
 .rela.text._close_r
                0x000000000003ab88        0x0 ./platform/hal/wch/ch32v30xx/tos_hal_sd.o
 .rela.text._lseek_r
                0x000000000003ab88        0x0 ./platform/hal/wch/ch32v30xx/tos_hal_sd.o
 .rela.text._vfprintf_r
                0x000000000003ab88        0x0 ./platform/hal/wch/ch32v30xx/tos_hal_sd.o
 .rela.text._read_r
                0x000000000003ab88        0x0 ./platform/hal/wch/ch32v30xx/tos_hal_sd.o
 .rela.text._fstat_r
                0x000000000003ab88        0x0 ./platform/hal/wch/ch32v30xx/tos_hal_sd.o
 .rela.text._isatty_r
                0x000000000003ab88        0x0 ./platform/hal/wch/ch32v30xx/tos_hal_sd.o
 .rela.text._close
                0x000000000003ab88        0x0 ./platform/hal/wch/ch32v30xx/tos_hal_sd.o
 .rela.text._fstat
                0x000000000003ab88        0x0 ./platform/hal/wch/ch32v30xx/tos_hal_sd.o
 .rela.text._isatty
                0x000000000003ab88        0x0 ./platform/hal/wch/ch32v30xx/tos_hal_sd.o
 .rela.text._lseek
                0x000000000003ab88        0x0 ./platform/hal/wch/ch32v30xx/tos_hal_sd.o
 .rela.text._read
                0x000000000003ab88        0x0 ./platform/hal/wch/ch32v30xx/tos_hal_sd.o
 .rela.text._sbrk
                0x000000000003ab88        0x0 ./platform/hal/wch/ch32v30xx/tos_hal_sd.o

.fini           0x000000000003ab88        0x0
 *(SORT_NONE(.fini))
                0x000000000003ab88                . = ALIGN (0x4)
                [!provide]                        PROVIDE (_etext = .)
                [!provide]                        PROVIDE (_eitcm = .)

.preinit_array  0x000000000003ab88        0x0
                [!provide]                        PROVIDE (__preinit_array_start = .)
 *(.preinit_array)
                [!provide]                        PROVIDE (__preinit_array_end = .)

.init_array     0x000000000003ab88        0x0
                [!provide]                        PROVIDE (__init_array_start = .)
 *(SORT_BY_INIT_PRIORITY(.init_array.*) SORT_BY_INIT_PRIORITY(.ctors.*))
 *(.init_array EXCLUDE_FILE(*crtend?.o *crtend.o *crtbegin?.o *crtbegin.o) .ctors)
                [!provide]                        PROVIDE (__init_array_end = .)

.fini_array     0x000000000003ab88        0x0
                [!provide]                        PROVIDE (__fini_array_start = .)
 *(SORT_BY_INIT_PRIORITY(.fini_array.*) SORT_BY_INIT_PRIORITY(.dtors.*))
 *(.fini_array EXCLUDE_FILE(*crtend?.o *crtend.o *crtbegin?.o *crtbegin.o) .dtors)
                [!provide]                        PROVIDE (__fini_array_end = .)

.ctors
 *crtbegin.o(.ctors)
 *crtbegin?.o(.ctors)
 *(EXCLUDE_FILE(*crtend?.o *crtend.o) .ctors)
 *(SORT_BY_NAME(.ctors.*))
 *(.ctors)

.dtors
 *crtbegin.o(.dtors)
 *crtbegin?.o(.dtors)
 *(EXCLUDE_FILE(*crtend?.o *crtend.o) .dtors)
 *(SORT_BY_NAME(.dtors.*))
 *(.dtors)

.dalign         0x0000000020000000        0x0 load address 0x000000000003ab88
                0x0000000020000000                . = ALIGN (0x4)
                0x0000000020000000                PROVIDE (_data_vma = .)

.dlalign        0x000000000003ab88        0x0
                0x000000000003ab88                . = ALIGN (0x4)
                0x000000000003ab88                PROVIDE (_data_lma = .)

.data           0x0000000020000000      0x148 load address 0x000000000003ab88
 *(.gnu.linkonce.r.*)
 *(.data .data.*)
 .data.k_timer_ctl
                0x0000000020000000       0x10 ./kernel/core/tos_global.o
                0x0000000020000000                k_timer_ctl
 .data.sd_dev   0x0000000020000010       0x24 ./fs/fatfs/tos_fatfs_drv.o
                0x0000000020000010                sd_dev
 .data.fatfs_ops
                0x0000000020000034       0x5c ./fs/fatfs/tos_fatfs_vfs.o
                0x0000000020000034                fatfs_ops
 .data.APBAHBPrescTable
                0x0000000020000090       0x10 ./Peripheral/src/ch32v30x_rcc.o
 .data.impure_data
                0x00000000200000a0       0x60 c:/users/pc/desktop/arch/tool/mounriver_studio_setup_v180/mounriver/mounriver_studio/toolchain/risc-v embedded gcc/bin/../lib/gcc/riscv-none-embed/8.2.0/../../../../riscv-none-embed/lib/rv32imafc/ilp32f\libg_nano.a(lib_a-impure.o)
 *(.gnu.linkonce.d.*)
                0x0000000020000100                . = ALIGN (0x8)
                0x0000000020000900                PROVIDE (__global_pointer$ = (. + 0x800))
 *(.sdata .sdata.*)
 .sdata.k_cpu_tick_per_second
                0x0000000020000100        0x8 ./kernel/core/tos_global.o
                0x0000000020000100                k_cpu_tick_per_second
 .sdata.k_stat_list
                0x0000000020000108        0x8 ./kernel/core/tos_global.o
                0x0000000020000108                k_stat_list
 .sdata.k_tick_list
                0x0000000020000110        0x8 ./kernel/core/tos_global.o
                0x0000000020000110                k_tick_list
 .sdata.k_vfs_fsmap_list
                0x0000000020000118        0x8 ./fs/vfs/tos_vfs_fs.o
                0x0000000020000118                k_vfs_fsmap_list
 .sdata.k_vfs_inode_list
                0x0000000020000120        0x8 ./fs/vfs/tos_vfs_inode.o
 .sdata.k_irq_stk_top
                0x0000000020000128        0x4 ./arch/common/tos_cpu.o
                0x0000000020000128                k_irq_stk_top
 .sdata.DeviceMode
                0x000000002000012c        0x1 ./User/sdio.o
 *fill*         0x000000002000012d        0x3 
 .sdata.SystemCoreClock
                0x0000000020000130        0x4 ./User/system_ch32v30x.o
                0x0000000020000130                SystemCoreClock
 .sdata.ADCPrescTable
                0x0000000020000134        0x4 ./Peripheral/src/ch32v30x_rcc.o
 .sdata._impure_ptr
                0x0000000020000138        0x4 c:/users/pc/desktop/arch/tool/mounriver_studio_setup_v180/mounriver/mounriver_studio/toolchain/risc-v embedded gcc/bin/../lib/gcc/riscv-none-embed/8.2.0/../../../../riscv-none-embed/lib/rv32imafc/ilp32f\libg_nano.a(lib_a-impure.o)
                0x0000000020000138                _impure_ptr
 *(.sdata2.*)
 .sdata2.k_idle_task_stk_addr
                0x000000002000013c        0x4 ./kernel/core/tos_global.o
                0x000000002000013c                k_idle_task_stk_addr
 .sdata2.k_idle_task_stk_size
                0x0000000020000140        0x4 ./kernel/core/tos_global.o
                0x0000000020000140                k_idle_task_stk_size
 .sdata2._global_impure_ptr
                0x0000000020000144        0x4 c:/users/pc/desktop/arch/tool/mounriver_studio_setup_v180/mounriver/mounriver_studio/toolchain/risc-v embedded gcc/bin/../lib/gcc/riscv-none-embed/8.2.0/../../../../riscv-none-embed/lib/rv32imafc/ilp32f\libg_nano.a(lib_a-impure.o)
                0x0000000020000144                _global_impure_ptr
 *(.gnu.linkonce.s.*)
                0x0000000020000148                . = ALIGN (0x8)
 *(.srodata.cst16)
 *(.srodata.cst8)
 *(.srodata.cst4)
 *(.srodata.cst2)
 *(.srodata .srodata.*)
                0x0000000020000148                . = ALIGN (0x4)
                0x0000000020000148                PROVIDE (_edata = .)

.bss            0x0000000020000148     0xd42c load address 0x000000000003acd0
                0x0000000020000148                . = ALIGN (0x4)
                0x0000000020000148                PROVIDE (_sbss = .)
 *(.sbss*)
 .sbss.k_cpu_cycle_per_tick
                0x0000000020000148        0x4 ./kernel/core/tos_global.o
                0x0000000020000148                k_cpu_cycle_per_tick
 .sbss.k_curr_task
                0x000000002000014c        0x4 ./kernel/core/tos_global.o
                0x000000002000014c                k_curr_task
 .sbss.k_irq_nest_cnt
                0x0000000020000150        0x1 ./kernel/core/tos_global.o
                0x0000000020000150                k_irq_nest_cnt
 *fill*         0x0000000020000151        0x3 
 .sbss.k_knl_state
                0x0000000020000154        0x4 ./kernel/core/tos_global.o
                0x0000000020000154                k_knl_state
 .sbss.k_next_task
                0x0000000020000158        0x4 ./kernel/core/tos_global.o